Component: ARM Compiler 5.05 update 1 (build 106) Tool: armlink [4d0efa]

==============================================================================

Section Cross References

    delay.o(i.delay_init) refers to misc.o(i.SysTick_CLKSourceConfig) for SysTick_CLKSourceConfig
    delay.o(i.delay_init) refers to delay.o(.data) for fac_us
    delay.o(i.delay_ms) refers to delay.o(i.delay_xms) for delay_xms
    delay.o(i.delay_us) refers to delay.o(.data) for fac_us
    delay.o(i.delay_xms) refers to delay.o(.data) for fac_ms
    usart.o(.rev16_text) refers (Special) to use_no_semi_2.o(.text) for __use_no_semihosting
    usart.o(.revsh_text) refers (Special) to use_no_semi_2.o(.text) for __use_no_semihosting
    usart.o(i.USART1_IRQHandler) refers (Special) to use_no_semi_2.o(.text) for __use_no_semihosting
    usart.o(i.USART1_IRQHandler) refers to stm32f4xx_usart.o(i.USART_GetITStatus) for USART_GetITStatus
    usart.o(i.USART1_IRQHandler) refers to stm32f4xx_usart.o(i.USART_ReceiveData) for USART_ReceiveData
    usart.o(i.USART1_IRQHandler) refers to usart.o(.data) for USART_RX_STA
    usart.o(i.USART1_IRQHandler) refers to usart.o(.bss) for USART_RX_BUF
    usart.o(i.USART2_IRQHandler) refers (Special) to use_no_semi_2.o(.text) for __use_no_semihosting
    usart.o(i.USART2_IRQHandler) refers to stm32f4xx_usart.o(i.USART_GetITStatus) for USART_GetITStatus
    usart.o(i.USART2_IRQHandler) refers to stm32f4xx_usart.o(i.USART_ReceiveData) for USART_ReceiveData
    usart.o(i.USART2_IRQHandler) refers to usart.o(.data) for USART_RX_STA
    usart.o(i.USART2_IRQHandler) refers to usart.o(.bss) for USART_RX_BUF
    usart.o(i._sys_exit) refers (Special) to use_no_semi_2.o(.text) for __use_no_semihosting
    usart.o(i.fputc) refers (Special) to use_no_semi_2.o(.text) for __use_no_semihosting
    usart.o(i.u2_printf) refers (Special) to use_no_semi_2.o(.text) for __use_no_semihosting
    usart.o(i.u2_printf) refers to vsprintf.o(.text) for vsprintf
    usart.o(i.u2_printf) refers to strlen.o(.text) for strlen
    usart.o(i.u2_printf) refers to stm32f4xx_usart.o(i.USART_GetFlagStatus) for USART_GetFlagStatus
    usart.o(i.u2_printf) refers to stm32f4xx_usart.o(i.USART_SendData) for USART_SendData
    usart.o(i.u2_printf) refers to usart.o(.bss) for USART2_TX_BUF
    usart.o(i.uart2_init) refers (Special) to use_no_semi_2.o(.text) for __use_no_semihosting
    usart.o(i.uart2_init) refers to stm32f4xx_rcc.o(i.RCC_AHB1PeriphClockCmd) for RCC_AHB1PeriphClockCmd
    usart.o(i.uart2_init) refers to stm32f4xx_rcc.o(i.RCC_APB1PeriphClockCmd) for RCC_APB1PeriphClockCmd
    usart.o(i.uart2_init) refers to stm32f4xx_gpio.o(i.GPIO_PinAFConfig) for GPIO_PinAFConfig
    usart.o(i.uart2_init) refers to stm32f4xx_gpio.o(i.GPIO_Init) for GPIO_Init
    usart.o(i.uart2_init) refers to stm32f4xx_usart.o(i.USART_Init) for USART_Init
    usart.o(i.uart2_init) refers to stm32f4xx_usart.o(i.USART_Cmd) for USART_Cmd
    usart.o(i.uart2_init) refers to stm32f4xx_usart.o(i.USART_ITConfig) for USART_ITConfig
    usart.o(i.uart2_init) refers to misc.o(i.NVIC_Init) for NVIC_Init
    usart.o(i.uart_init) refers (Special) to use_no_semi_2.o(.text) for __use_no_semihosting
    usart.o(i.uart_init) refers to stm32f4xx_rcc.o(i.RCC_AHB1PeriphClockCmd) for RCC_AHB1PeriphClockCmd
    usart.o(i.uart_init) refers to stm32f4xx_rcc.o(i.RCC_APB2PeriphClockCmd) for RCC_APB2PeriphClockCmd
    usart.o(i.uart_init) refers to stm32f4xx_gpio.o(i.GPIO_PinAFConfig) for GPIO_PinAFConfig
    usart.o(i.uart_init) refers to stm32f4xx_gpio.o(i.GPIO_Init) for GPIO_Init
    usart.o(i.uart_init) refers to stm32f4xx_usart.o(i.USART_Init) for USART_Init
    usart.o(i.uart_init) refers to stm32f4xx_usart.o(i.USART_Cmd) for USART_Cmd
    usart.o(i.uart_init) refers to stm32f4xx_usart.o(i.USART_ITConfig) for USART_ITConfig
    usart.o(i.uart_init) refers to misc.o(i.NVIC_Init) for NVIC_Init
    usart.o(.bss) refers (Special) to use_no_semi_2.o(.text) for __use_no_semihosting
    usart.o(.data) refers (Special) to use_no_semi_2.o(.text) for __use_no_semihosting
    main.o(i.main) refers to misc.o(i.NVIC_PriorityGroupConfig) for NVIC_PriorityGroupConfig
    main.o(i.main) refers to drv_time.o(i.SysTick_Configuration) for SysTick_Configuration
    main.o(i.main) refers to drv_time.o(i.Delay_ms) for Delay_ms
    main.o(i.main) refers to led.o(i.LED_Init) for LED_Init
    main.o(i.main) refers to ios.o(i.IO_Init) for IO_Init
    main.o(i.main) refers to key.o(i.KEY_Init) for KEY_Init
    main.o(i.main) refers to usart.o(i.uart_init) for uart_init
    main.o(i.main) refers to timer.o(i.TIM1_PWM_Init) for TIM1_PWM_Init
    main.o(i.main) refers to drv_i2c.o(i.I2C_Config) for I2C_Config
    main.o(i.main) refers to drv_adc.o(i.Drv_AdcInit) for Drv_AdcInit
    main.o(i.main) refers to acr.o(i.ACR_PID_Init) for ACR_PID_Init
    main.o(i.main) refers to asr.o(i.ASR_PID_Init) for ASR_PID_Init
    main.o(i.main) refers to __2printf.o(.text) for __2printf
[...]
    i.GetSysTime_us                          0x08001e90   Section        0  drv_time.o(i.GetSysTime_us)
    i.Get_Angle                              0x08001ed0   Section        0  as5600.o(i.Get_Angle)
    i.HardFault_Handler                      0x08001f00   Section        0  stm32f4xx_it.o(i.HardFault_Handler)
    i.I2C1_Recv_DMA_IRQ                      0x08001f04   Section        0  drv_i2c.o(i.I2C1_Recv_DMA_IRQ)
    i.I2C1_Send_DMA_IRQ                      0x08001f44   Section        0  drv_i2c.o(i.I2C1_Send_DMA_IRQ)
    i.I2C_AcknowledgeConfig                  0x08001fb0   Section        0  stm32f4xx_i2c.o(i.I2C_AcknowledgeConfig)
    i.I2C_CheckEvent                         0x08001fc8   Section        0  stm32f4xx_i2c.o(i.I2C_CheckEvent)
    i.I2C_Cmd                                0x08001ff2   Section        0  stm32f4xx_i2c.o(i.I2C_Cmd)
    i.I2C_Config                             0x0800200c   Section        0  drv_i2c.o(i.I2C_Config)
    i.I2C_DMACmd                             0x080021d8   Section        0  stm32f4xx_i2c.o(i.I2C_DMACmd)
    i.I2C_DMALastTransferCmd                 0x080021f0   Section        0  stm32f4xx_i2c.o(i.I2C_DMALastTransferCmd)
    i.I2C_DMA_Read                           0x08002208   Section        0  drv_i2c.o(i.I2C_DMA_Read)
    i.I2C_GenerateSTART                      0x08002488   Section        0  stm32f4xx_i2c.o(i.I2C_GenerateSTART)
    i.I2C_GenerateSTOP                       0x080024a0   Section        0  stm32f4xx_i2c.o(i.I2C_GenerateSTOP)
    i.I2C_GetFlagStatus                      0x080024b8   Section        0  stm32f4xx_i2c.o(i.I2C_GetFlagStatus)
    i.I2C_Init                               0x080024f4   Section        0  stm32f4xx_i2c.o(i.I2C_Init)
    i.I2C_ReceiveData                        0x080025dc   Section        0  stm32f4xx_i2c.o(i.I2C_ReceiveData)
    i.I2C_Send7bitAddress                    0x080025e4   Section        0  stm32f4xx_i2c.o(i.I2C_Send7bitAddress)
    i.I2C_SendData                           0x080025f4   Section        0  stm32f4xx_i2c.o(i.I2C_SendData)
    i.I2C_TimeOut                            0x080025f8   Section        0  drv_i2c.o(i.I2C_TimeOut)
    i.IO_Init                                0x08002618   Section        0  ios.o(i.IO_Init)
    i.IuvwToIdq                              0x08002654   Section        0  foc.o(i.IuvwToIdq)
    i.KEY_Init                               0x080026e0   Section        0  key.o(i.KEY_Init)
    i.KEY_Scan                               0x08002710   Section        0  key.o(i.KEY_Scan)
    i.LED_Init                               0x08002764   Section        0  led.o(i.LED_Init)
    i.Loop_1000Hz                            0x080027a4   Section        0  scheduler.o(i.Loop_1000Hz)
    Loop_1000Hz                              0x080027a5   Thumb Code    64  scheduler.o(i.Loop_1000Hz)
    i.Loop_100Hz                             0x080027ec   Section        0  scheduler.o(i.Loop_100Hz)
    Loop_100Hz                               0x080027ed   Thumb Code    78  scheduler.o(i.Loop_100Hz)
    i.Loop_200Hz                             0x08002848   Section        0  scheduler.o(i.Loop_200Hz)
    Loop_200Hz                               0x08002849   Thumb Code     2  scheduler.o(i.Loop_200Hz)
    i.Loop_20Hz                              0x0800284a   Section        0  scheduler.o(i.Loop_20Hz)
    Loop_20Hz                                0x0800284b   Thumb Code     2  scheduler.o(i.Loop_20Hz)
    i.Loop_2Hz                               0x0800284c   Section        0  scheduler.o(i.Loop_2Hz)
    Loop_2Hz                                 0x0800284d   Thumb Code     2  scheduler.o(i.Loop_2Hz)
    i.Loop_500Hz                             0x0800284e   Section        0  scheduler.o(i.Loop_500Hz)
    Loop_500Hz                               0x0800284f   Thumb Code     2  scheduler.o(i.Loop_500Hz)
    i.Loop_50Hz                              0x08002850   Section        0  scheduler.o(i.Loop_50Hz)
    Loop_50Hz                                0x08002851   Thumb Code     2  scheduler.o(i.Loop_50Hz)
    i.MemManage_Handler                      0x08002852   Section        0  stm32f4xx_it.o(i.MemManage_Handler)
    i.NMI_Handler                            0x08002856   Section        0  stm32f4xx_it.o(i.NMI_Handler)
    i.NVIC_Init                              0x08002858   Section        0  misc.o(i.NVIC_Init)
    i.NVIC_PriorityGroupConfig               0x080028d0   Section        0  misc.o(i.NVIC_PriorityGroupConfig)
    i.PendSV_Handler                         0x080028e4   Section        0  stm32f4xx_it.o(i.PendSV_Handler)
    i.RCC_AHB1PeriphClockCmd                 0x080028e8   Section        0  stm32f4xx_rcc.o(i.RCC_AHB1PeriphClockCmd)
    i.RCC_APB1PeriphClockCmd                 0x08002908   Section        0  stm32f4xx_rcc.o(i.RCC_APB1PeriphClockCmd)
    i.RCC_APB1PeriphResetCmd                 0x08002928   Section        0  stm32f4xx_rcc.o(i.RCC_APB1PeriphResetCmd)
    i.RCC_APB2PeriphClockCmd                 0x08002948   Section        0  stm32f4xx_rcc.o(i.RCC_APB2PeriphClockCmd)
    i.RCC_APB2PeriphResetCmd                 0x08002968   Section        0  stm32f4xx_rcc.o(i.RCC_APB2PeriphResetCmd)
    i.RCC_GetClocksFreq                      0x08002988   Section        0  stm32f4xx_rcc.o(i.RCC_GetClocksFreq)
    i.Run_CloseLoop                          0x08002a70   Section        0  foc.o(i.Run_CloseLoop)
    i.SVC_Handler                            0x08002c60   Section        0  stm32f4xx_it.o(i.SVC_Handler)
    i.Scheduler_Run                          0x08002c64   Section        0  scheduler.o(i.Scheduler_Run)
    i.Scheduler_Setup                        0x08002cb4   Section        0  scheduler.o(i.Scheduler_Setup)
    i.SetSysClock                            0x08002d04   Section        0  system_stm32f4xx.o(i.SetSysClock)
    SetSysClock                              0x08002d05   Thumb Code   220  system_stm32f4xx.o(i.SetSysClock)
    i.Set_Pwm                                0x08002df0   Section        0  timer.o(i.Set_Pwm)
    i.SysTick_CLKSourceConfig                0x08002e68   Section        0  misc.o(i.SysTick_CLKSourceConfig)
    i.SysTick_Configuration                  0x08002e90   Section        0  drv_time.o(i.SysTick_Configuration)
    i.SysTick_GetTick                        0x08002efc   Section        0  drv_time.o(i.SysTick_GetTick)
    i.SysTick_Handler                        0x08002f08   Section        0  drv_time.o(i.SysTick_Handler)
    i.SystemInit                             0x08002f20   Section        0  system_stm32f4xx.o(i.SystemInit)
    i.TIM1_PWM_Init                          0x08002f88   Section        0  timer.o(i.TIM1_PWM_Init)
    i.TIM1_UP_TIM10_IRQHandler               0x080030dc   Section        0  timer.o(i.TIM1_UP_TIM10_IRQHandler)
    i.TIM_ARRPreloadConfig                   0x08003124   Section        0  stm32f4xx_tim.o(i.TIM_ARRPreloadConfig)
    i.TIM_ClearITPendingBit                  0x0800313c   Section        0  stm32f4xx_tim.o(i.TIM_ClearITPendingBit)
    i.TIM_Cmd                                0x08003142   Section        0  stm32f4xx_tim.o(i.TIM_Cmd)
    i.TIM_CtrlPWMOutputs                     0x0800315a   Section        0  stm32f4xx_tim.o(i.TIM_CtrlPWMOutputs)
    i.TIM_GetITStatus                        0x08003178   Section        0  stm32f4xx_tim.o(i.TIM_GetITStatus)
    i.TIM_ITConfig                           0x0800319a   Section        0  stm32f4xx_tim.o(i.TIM_ITConfig)
    i.TIM_OC1Init                            0x080031ac   Section        0  stm32f4xx_tim.o(i.TIM_OC1Init)
    i.TIM_OC1PreloadConfig                   0x08003228   Section        0  stm32f4xx_tim.o(i.TIM_OC1PreloadConfig)
    i.TIM_OC2Init                            0x0800323c   Section        0  stm32f4xx_tim.o(i.TIM_OC2Init)
    i.TIM_OC2PreloadConfig                   0x080032e0   Section        0  stm32f4xx_tim.o(i.TIM_OC2PreloadConfig)
    i.TIM_OC3Init                            0x080032fc   Section        0  stm32f4xx_tim.o(i.TIM_OC3Init)
    i.TIM_OC3PreloadConfig                   0x0800339c   Section        0  stm32f4xx_tim.o(i.TIM_OC3PreloadConfig)
    i.TIM_OC4Init                            0x080033b0   Section        0  stm32f4xx_tim.o(i.TIM_OC4Init)
    i.TIM_OC4PreloadConfig                   0x08003428   Section        0  stm32f4xx_tim.o(i.TIM_OC4PreloadConfig)
    i.TIM_SetCompare1                        0x08003442   Section        0  stm32f4xx_tim.o(i.TIM_SetCompare1)
    i.TIM_SetCompare2                        0x08003446   Section        0  stm32f4xx_tim.o(i.TIM_SetCompare2)
    i.TIM_SetCompare3                        0x0800344a   Section        0  stm32f4xx_tim.o(i.TIM_SetCompare3)
    i.TIM_TimeBaseInit                       0x08003450   Section        0  stm32f4xx_tim.o(i.TIM_TimeBaseInit)
    i.USART1_IRQHandler                      0x080034d4   Section        0  usart.o(i.USART1_IRQHandler)
    i.USART2_IRQHandler                      0x0800355c   Section        0  usart.o(i.USART2_IRQHandler)
    i.USART_Cmd                              0x080035e4   Section        0  stm32f4xx_usart.o(i.USART_Cmd)
    i.USART_GetITStatus                      0x080035fc   Section        0  stm32f4xx_usart.o(i.USART_GetITStatus)
    i.USART_ITConfig                         0x08003650   Section        0  stm32f4xx_usart.o(i.USART_ITConfig)
    i.USART_Init                             0x0800369c   Section        0  stm32f4xx_usart.o(i.USART_Init)
    i.USART_ReceiveData                      0x08003770   Section        0  stm32f4xx_usart.o(i.USART_ReceiveData)
    i.UdqToUab                               0x0800377a   Section        0  foc.o(i.UdqToUab)
    i.UsageFault_Handler                     0x080037f6   Section        0  stm32f4xx_it.o(i.UsageFault_Handler)
    i.__ARM_fpclassify                       0x080037fa   Section        0  fpclassify.o(i.__ARM_fpclassify)
    i.__hardfp_fmod                          0x0800382c   Section        0  fmod.o(i.__hardfp_fmod)
    i.__mathlib_dbl_invalid                  0x08003930   Section        0  dunder.o(i.__mathlib_dbl_invalid)
    i._is_digit                              0x08003950   Section        0  __printf_wp.o(i._is_digit)
    i._sys_exit                              0x0800395e   Section        0  usart.o(i._sys_exit)
    i.arm_pid_f32                            0x08003962   Section        0  acr.o(i.arm_pid_f32)
    arm_pid_f32                              0x08003963   Thumb Code    66  acr.o(i.arm_pid_f32)
    i.convertRawAngleToDegrees               0x080039a4   Section        0  as5600.o(i.convertRawAngleToDegrees)
    i.fputc                                  0x080039e0   Section        0  usart.o(i.fputc)
    i.getRawAngle                            0x080039fc   Section        0  as5600.o(i.getRawAngle)
    i.initAdcDMA                             0x08003a0c   Section        0  drv_adc.o(i.initAdcDMA)
    initAdcDMA                               0x08003a0d   Thumb Code   102  drv_adc.o(i.initAdcDMA)
    i.main                                   0x08003a80   Section        0  main.o(i.main)
    i.readTwoBytes                           0x08003aec   Section        0  as5600.o(i.readTwoBytes)
    i.svpwm_calc                             0x08003b18   Section        0  svpwm.o(i.svpwm_calc)
    i.svpwm_get_regs_mod                     0x08003c78   Section        0  svpwm.o(i.svpwm_get_regs_mod)
    i.svpwm_overflow_check                   0x08003d12   Section        0  svpwm.o(i.svpwm_overflow_check)
    i.sys_time                               0x08003dc0   Section        0  drv_time.o(i.sys_time)
    i.uart_init                              0x08003dd0   Section        0  usart.o(i.uart_init)
    locale$$code                             0x08003e7c   Section       44  lc_numeric_c.o(locale$$code)
    x$fpl$d2f                                0x08003ea8   Section       98  d2f.o(x$fpl$d2f)
    $v0                                      0x08003ea8   Number         0  d2f.o(x$fpl$d2f)
    x$fpl$dadd                               0x08003f0c   Section      336  daddsub_clz.o(x$fpl$dadd)
    $v0                                      0x08003f0c   Number         0  daddsub_clz.o(x$fpl$dadd)
    _dadd1                                   0x08003f1d   Thumb Code     0  daddsub_clz.o(x$fpl$dadd)
    x$fpl$ddiv                               0x0800405c   Section      688  ddiv.o(x$fpl$ddiv)
    $v0                                      0x0800405c   Number         0  ddiv.o(x$fpl$ddiv)
    ddiv_entry                               0x08004063   Thumb Code     0  ddiv.o(x$fpl$ddiv)
    x$fpl$dflt                               0x0800430c   Section       46  dflt_clz.o(x$fpl$dflt)
    $v0                                      0x0800430c   Number         0  dflt_clz.o(x$fpl$dflt)
    x$fpl$dmul                               0x0800433c   Section      340  dmul.o(x$fpl$dmul)
    $v0                                      0x0800433c   Number         0  dmul.o(x$fpl$dmul)
    x$fpl$dnaninf                            0x08004490   Section      156  dnaninf.o(x$fpl$dnaninf)
    $v0                                      0x08004490   Number         0  dnaninf.o(x$fpl$dnaninf)
    x$fpl$drem                               0x0800452c   Section      336  drem_clz.o(x$fpl$drem)
    $v0                                      0x0800452c   Number         0  drem_clz.o(x$fpl$drem)
    x$fpl$dretinf                            0x0800467c   Section       12  dretinf.o(x$fpl$dretinf)
    $v0                                      0x0800467c   Number         0  dretinf.o(x$fpl$dretinf)
    x$fpl$drsb                               0x08004688   Section       22  daddsub_clz.o(x$fpl$drsb)
    $v0                                      0x08004688   Number         0  daddsub_clz.o(x$fpl$drsb)
    x$fpl$dsub                               0x080046a0   Section      468  daddsub_clz.o(x$fpl$dsub)
    $v0                                      0x080046a0   Number         0  daddsub_clz.o(x$fpl$dsub)
    _dsub1                                   0x080046b1   Thumb Code     0  daddsub_clz.o(x$fpl$dsub)
    x$fpl$f2d                                0x08004874   Section       86  f2d.o(x$fpl$f2d)
    $v0                                      0x08004874   Number         0  f2d.o(x$fpl$f2d)
    x$fpl$fnaninf                            0x080048ca   Section      140  fnaninf.o(x$fpl$fnaninf)
    $v0                                      0x080048ca   Number         0  fnaninf.o(x$fpl$fnaninf)
    x$fpl$fpinit                             0x08004956   Section       10  fpinit.o(x$fpl$fpinit)
    $v0                                      0x08004956   Number         0  fpinit.o(x$fpl$fpinit)
    x$fpl$fretinf                            0x08004960   Section       10  fretinf.o(x$fpl$fretinf)
    $v0                                      0x08004960   Number         0  fretinf.o(x$fpl$fretinf)
    x$fpl$printf1                            0x0800496a   Section        4  printf1.o(x$fpl$printf1)
    $v0                                      0x0800496a   Number         0  printf1.o(x$fpl$printf1)
    x$fpl$usenofp                            0x0800496e   Section        0  usenofp.o(x$fpl$usenofp)
    .constdata                               0x08004970   Section     1040  arm_cos_f32.o(.constdata)
    cosTable                                 0x08004970   Data        1040  arm_cos_f32.o(.constdata)
    .constdata                               0x08004d80   Section     1036  arm_sin_f32.o(.constdata)
    sinTable                                 0x08004d80   Data        1036  arm_sin_f32.o(.constdata)
    .constdata                               0x0800518c   Section       17  __printf_flags_ss_wp.o(.constdata)
    maptable                                 0x0800518c   Data          17  __printf_flags_ss_wp.o(.constdata)
    .constdata                               0x080051a0   Section      148  bigflt0.o(.constdata)
    tenpwrs_x                                0x080051a0   Data          60  bigflt0.o(.constdata)
    tenpwrs_i                                0x080051dc   Data          64  bigflt0.o(.constdata)
    locale$$data                             0x08005254   Section       28  lc_numeric_c.o(locale$$data)
    __lcnum_c_name                           0x08005258   Data           2  lc_numeric_c.o(locale$$data)
    __lcnum_c_start                          0x08005260   Data           0  lc_numeric_c.o(locale$$data)
    __lcnum_c_point                          0x0800526c   Data           0  lc_numeric_c.o(locale$$data)
    __lcnum_c_thousands                      0x0800526e   Data           0  lc_numeric_c.o(locale$$data)
    __lcnum_c_grouping                       0x0800526f   Data           0  lc_numeric_c.o(locale$$data)
    __lcnum_c_end                            0x08005270   Data           0  lc_numeric_c.o(locale$$data)
    .data                                    0x20000000   Section        6  usart.o(.data)
    .data                                    0x20000006   Section        1  timer.o(.data)
    .data                                    0x20000008   Section       14  drv_adc.o(.data)
    count                                    0x20000014   Data           2  drv_adc.o(.data)
    .data                                    0x20000018   Section        8  drv_time.o(.data)
    .data                                    0x20000020   Section       12  drv_i2c.o(.data)
    .data                                    0x2000002c   Section        1  key.o(.data)
    key_up                                   0x2000002c   Data           1  key.o(.data)
    .data                                    0x2000002d   Section       16  stm32f4xx_rcc.o(.data)
    APBAHBPrescTable                         0x2000002d   Data          16  stm32f4xx_rcc.o(.data)
    .data                                    0x20000040   Section       88  scheduler.o(.data)
    sched_tasks                              0x20000044   Data          84  scheduler.o(.data)
    .bss                                     0x20000098   Section      600  usart.o(.bss)
    .bss                                     0x200002f0   Section       60  drv_i2c.o(.bss)
    .bss                                     0x2000032c   Section       36  scheduler.o(.bss)
    .bss                                     0x20000350   Section       72  acr.o(.bss)
    .bss                                     0x20000398   Section       36  asr.o(.bss)
    .bss                                     0x200003bc   Section      120  foc.o(.bss)
    .bss                                     0x20000434   Section       96  libspace.o(.bss)
    HEAP                                     0x20000498   Section      512  startup_stm32f40_41xxx.o(HEAP)
    Heap_Mem                                 0x20000498   Data         512  startup_stm32f40_41xxx.o(HEAP)
    STACK                                    0x20000698   Section     1024  startup_stm32f40_41xxx.o(STACK)
    Stack_Mem                                0x20000698   Data        1024  startup_stm32f40_41xxx.o(STACK)
    __initial_sp                             0x20000a98   Data           0  startup_stm32f40_41xxx.o(STACK)

    Global Symbols

    Symbol Name                              Value     Ov Type        Size  Object(Section)

    BuildAttributes$$THM_ISAv4$E$P$D$K$B$S$7EM$VFPi3$EXTD16$VFPS$VFMA$PE$A:L22UL41UL21$X:L11$S22US41US21$IEEE1$IW$USESV6$~STKCKD$USESV7$~SHL$OTIME$ROPI$IEEEX$EBA8$UX$STANDARDLIB$REQ8$PRES8$EABIv2 0x00000000   Number         0  anon$$obj.o ABSOLUTE
    __ARM_use_no_argv                        0x00000000   Number         0  main.o ABSOLUTE
    _printf_flags                            0x00000000   Number         0  printf_stubs.o ABSOLUTE
    _printf_return_value                     0x00000000   Number         0  printf_stubs.o ABSOLUTE
    _printf_sizespec                         0x00000000   Number         0  printf_stubs.o ABSOLUTE
    _printf_widthprec                        0x00000000   Number         0  printf_stubs.o ABSOLUTE
    __ARM_exceptions_init                     - Undefined Weak Reference
    __alloca_initialize                       - Undefined Weak Reference
    __arm_preinit_                            - Undefined Weak Reference
    __cpp_initialize__aeabi_                  - Undefined Weak Reference
    __cxa_finalize                            - Undefined Weak Reference
    __sigvec_lookup                           - Undefined Weak Reference
    _atexit_init                              - Undefined Weak Reference
    _call_atexit_fns                          - Undefined Weak Reference
    _clock_init                               - Undefined Weak Reference
    _fp_trap_init                             - Undefined Weak Reference
    _fp_trap_shutdown                         - Undefined Weak Reference
    _get_lc_collate                           - Undefined Weak Reference
    _get_lc_monetary                          - Undefined Weak Reference
    _get_lc_time                              - Undefined Weak Reference
    _getenv_init                              - Undefined Weak Reference
    _handle_redirection                       - Undefined Weak Reference
    _init_alloc                               - Undefined Weak Reference
    _init_user_alloc                          - Undefined Weak Reference
    _initio                                   - Undefined Weak Reference
    _mutex_acquire                            - Undefined Weak Reference
    _mutex_release                            - Undefined Weak Reference
    _printf_mbtowc                            - Undefined Weak Reference
    _printf_wc                                - Undefined Weak Reference
    _rand_init                                - Undefined Weak Reference
    _signal_finish                            - Undefined Weak Reference
    _signal_init                              - Undefined Weak Reference
    _terminate_alloc                          - Undefined Weak Reference
    _terminate_user_alloc                     - Undefined Weak Reference
    _terminateio                              - Undefined Weak Reference
    __Vectors_Size                           0x00000188   Number         0  startup_stm32f40_41xxx.o ABSOLUTE
    __Vectors                                0x08000000   Data           4  startup_stm32f40_41xxx.o(RESET)
    __Vectors_End                            0x08000188   Data           0  startup_stm32f40_41xxx.o(RESET)
    __main                                   0x08000189   Thumb Code     8  __main.o(!!!main)
    __scatterload                            0x08000191   Thumb Code     0  __scatter.o(!!!scatter)
    __scatterload_rt2                        0x08000191   Thumb Code    44  __scatter.o(!!!scatter)
    __scatterload_rt2_thumb_only             0x08000191   Thumb Code     0  __scatter.o(!!!scatter)
    __scatterload_null                       0x0800019f   Thumb Code     0  __scatter.o(!!!scatter)
    __scatterload_copy                       0x080001c5   Thumb Code    26  __scatter_copy.o(!!handler_copy)
    __scatterload_zeroinit                   0x080001e1   Thumb Code    28  __scatter_zi.o(!!handler_zi)
    _printf_f                                0x080001fd   Thumb Code     0  _printf_f.o(.ARM.Collect$$_printf_percent$$00000003)
    _printf_percent                          0x080001fd   Thumb Code     0  _printf_percent.o(.ARM.Collect$$_printf_percent$$00000000)
    _printf_percent_end                      0x08000203   Thumb Code     0  _printf_percent_end.o(.ARM.Collect$$_printf_percent$$00000017)
    __rt_lib_init                            0x08000207   Thumb Code     0  libinit.o(.ARM.Collect$$libinit$$00000000)
    __rt_lib_init_fp_1                       0x08000209   Thumb Code     0  libinit2.o(.ARM.Collect$$libinit$$00000001)
    __rt_lib_init_heap_1                     0x0800020d   Thumb Code     0  libinit2.o(.ARM.Collect$$libinit$$0000000A)
    __rt_lib_init_lc_common                  0x0800020d   Thumb Code     0  libinit2.o(.ARM.Collect$$libinit$$0000000F)
    __rt_lib_init_preinit_1                  0x0800020d   Thumb Code     0  libinit2.o(.ARM.Collect$$libinit$$00000004)
    __rt_lib_init_rand_1                     0x0800020d   Thumb Code     0  libinit2.o(.ARM.Collect$$libinit$$0000000E)
    __rt_lib_init_user_alloc_1               0x0800020d   Thumb Code     0  libinit2.o(.ARM.Collect$$libinit$$0000000C)
    __rt_lib_init_lc_collate_1               0x08000213   Thumb Code     0  libinit2.o(.ARM.Collect$$libinit$$00000011)
    __rt_lib_init_lc_ctype_1                 0x08000213   Thumb Code     0  libinit2.o(.ARM.Collect$$libinit$$00000013)
    __rt_lib_init_lc_monetary_1              0x08000213   Thumb Code     0  libinit2.o(.ARM.Collect$$libinit$$00000015)
    __rt_lib_init_lc_numeric_2               0x08000213   Thumb Code     0  libinit2.o(.ARM.Collect$$libinit$$00000016)
    __rt_lib_init_alloca_1                   0x0800021d   Thumb Code     0  libinit2.o(.ARM.Collect$$libinit$$0000002E)
    __rt_lib_init_argv_1                     0x0800021d   Thumb Code     0  libinit2.o(.ARM.Collect$$libinit$$0000002C)
    __rt_lib_init_atexit_1                   0x0800021d   Thumb Code     0  libinit2.o(.ARM.Collect$$libinit$$0000001B)
    __rt_lib_init_clock_1                    0x0800021d   Thumb Code     0  libinit2.o(.ARM.Collect$$libinit$$00000021)
    __rt_lib_init_cpp_1                      0x0800021d   Thumb Code     0  libinit2.o(.ARM.Collect$$libinit$$00000032)
    __rt_lib_init_exceptions_1               0x0800021d   Thumb Code     0  libinit2.o(.ARM.Collect$$libinit$$00000030)
    __rt_lib_init_fp_trap_1                  0x0800021d   Thumb Code     0  libinit2.o(.ARM.Collect$$libinit$$0000001F)
    __rt_lib_init_getenv_1                   0x0800021d   Thumb Code     0  libinit2.o(.ARM.Collect$$libinit$$00000023)
    __rt_lib_init_lc_numeric_1               0x0800021d   Thumb Code     0  libinit2.o(.ARM.Collect$$libinit$$00000017)
    __rt_lib_init_lc_time_1                  0x0800021d   Thumb Code     0  libinit2.o(.ARM.Collect$$libinit$$00000019)
    __rt_lib_init_return                     0x0800021d   Thumb Code     0  libinit2.o(.ARM.Collect$$libinit$$00000033)
    __rt_lib_init_signal_1                   0x0800021d   Thumb Code     0  libinit2.o(.ARM.Collect$$libinit$$0000001D)
    __rt_lib_init_stdio_1                    0x0800021d   Thumb Code     0  libinit2.o(.ARM.Collect$$libinit$$00000025)
    __rt_lib_shutdown                        0x0800021f   Thumb Code     0  libshutdown.o(.ARM.Collect$$libshutdown$$00000000)
    __rt_lib_shutdown_fp_trap_1              0x08000221   Thumb Code     0  libshutdown2.o(.ARM.Collect$$libshutdown$$00000006)
    __rt_lib_shutdown_heap_1                 0x08000221   Thumb Code     0  libshutdown2.o(.ARM.Collect$$libshutdown$$0000000E)
    __rt_lib_shutdown_return                 0x08000221   Thumb Code     0  libshutdown2.o(.ARM.Collect$$libshutdown$$0000000F)
    __rt_lib_shutdown_signal_1               0x08000221   Thumb Code     0  libshutdown2.o(.ARM.Collect$$libshutdown$$00000009)
    __rt_lib_shutdown_stdio_1                0x08000221   Thumb Code     0  libshutdown2.o(.ARM.Collect$$libshutdown$$00000003)
    __rt_lib_shutdown_user_alloc_1           0x08000221   Thumb Code     0  libshutdown2.o(.ARM.Collect$$libshutdown$$0000000B)
    __rt_entry                               0x08000223   Thumb Code     0  __rtentry.o(.ARM.Collect$$rtentry$$00000000)
    __rt_entry_presh_1                       0x08000223   Thumb Code     0  __rtentry2.o(.ARM.Collect$$rtentry$$00000002)
    __rt_entry_sh                            0x08000223   Thumb Code     0  __rtentry4.o(.ARM.Collect$$rtentry$$00000004)
    __rt_entry_li                            0x08000229   Thumb Code     0  __rtentry2.o(.ARM.Collect$$rtentry$$0000000A)
    __rt_entry_postsh_1                      0x08000229   Thumb Code     0  __rtentry2.o(.ARM.Collect$$rtentry$$00000009)
    __rt_entry_main                          0x0800022d   Thumb Code     0  __rtentry2.o(.ARM.Collect$$rtentry$$0000000D)
    __rt_entry_postli_1                      0x0800022d   Thumb Code     0  __rtentry2.o(.ARM.Collect$$rtentry$$0000000C)
    __rt_exit                                0x08000235   Thumb Code     0  rtexit.o(.ARM.Collect$$rtexit$$00000000)
    __rt_exit_ls                             0x08000237   Thumb Code     0  rtexit2.o(.ARM.Collect$$rtexit$$00000003)
    __rt_exit_prels_1                        0x08000237   Thumb Code     0  rtexit2.o(.ARM.Collect$$rtexit$$00000002)
    __rt_exit_exit                           0x0800023b   Thumb Code     0  rtexit2.o(.ARM.Collect$$rtexit$$00000004)
    Reset_Handler                            0x08000241   Thumb Code     8  startup_stm32f40_41xxx.o(.text)
    CAN1_RX0_IRQHandler                      0x0800025b   Thumb Code     0  startup_stm32f40_41xxx.o(.text)
    CAN1_RX1_IRQHandler                      0x0800025b   Thumb Code     0  startup_stm32f40_41xxx.o(.text)
    CAN1_SCE_IRQHandler                      0x0800025b   Thumb Code     0  startup_stm32f40_41xxx.o(.text)
    CAN1_TX_IRQHandler                       0x0800025b   Thumb Code     0  startup_stm32f40_41xxx.o(.text)
    CAN2_RX0_IRQHandler                      0x0800025b   Thumb Code     0  startup_stm32f40_41xxx.o(.text)
    CAN2_RX1_IRQHandler                      0x0800025b   Thumb Code     0  startup_stm32f40_41xxx.o(.text)
    CAN2_SCE_IRQHandler                      0x0800025b   Thumb Code     0  startup_stm32f40_41xxx.o(.text)
    CAN2_TX_IRQHandler                       0x0800025b   Thumb Code     0  startup_stm32f40_41xxx.o(.text)
    CRYP_IRQHandler                          0x0800025b   Thumb Code     0  startup_stm32f40_41xxx.o(.text)
    DCMI_IRQHandler                          0x0800025b   Thumb Code     0  startup_stm32f40_41xxx.o(.text)
    DMA1_Stream1_IRQHandler                  0x0800025b   Thumb Code     0  startup_stm32f40_41xxx.o(.text)
    DMA1_Stream2_IRQHandler                  0x0800025b   Thumb Code     0  startup_stm32f40_41xxx.o(.text)
    DMA1_Stream3_IRQHandler                  0x0800025b   Thumb Code     0  startup_stm32f40_41xxx.o(.text)
    DMA1_Stream4_IRQHandler                  0x0800025b   Thumb Code     0  startup_stm32f40_41xxx.o(.text)
    DMA1_Stream5_IRQHandler                  0x0800025b   Thumb Code     0  startup_stm32f40_41xxx.o(.text)
    DMA1_Stream7_IRQHandler                  0x0800025b   Thumb Code     0  startup_stm32f40_41xxx.o(.text)
    DMA2_Stream0_IRQHandler                  0x0800025b   Thumb Code     0  startup_stm32f40_41xxx.o(.text)
    DMA2_Stream1_IRQHandler                  0x0800025b   Thumb Code     0  startup_stm32f40_41xxx.o(.text)
    DMA2_Stream2_IRQHandler                  0x0800025b   Thumb Code     0  startup_stm32f40_41xxx.o(.text)
    DMA2_Stream3_IRQHandler                  0x0800025b   Thumb Code     0  startup_stm32f40_41xxx.o(.text)
    DMA2_Stream4_IRQHandler                  0x0800025b   Thumb Code     0  startup_stm32f40_41xxx.o(.text)
    DMA2_Stream5_IRQHandler                  0x0800025b   Thumb Code     0  startup_stm32f40_41xxx.o(.text)
    DMA2_Stream6_IRQHandler                  0x0800025b   Thumb Code     0  startup_stm32f40_41xxx.o(.text)
    DMA2_Stream7_IRQHandler                  0x0800025b   Thumb Code     0  startup_stm32f40_41xxx.o(.text)
    ETH_IRQHandler                           0x0800025b   Thumb Code     0  startup_stm32f40_41xxx.o(.text)
    ETH_WKUP_IRQHandler                      0x0800025b   Thumb Code     0  startup_stm32f40_41xxx.o(.text)
    EXTI0_IRQHandler                         0x0800025b   Thumb Code     0  startup_stm32f40_41xxx.o(.text)
    EXTI15_10_IRQHandler                     0x0800025b   Thumb Code     0  startup_stm32f40_41xxx.o(.text)
    EXTI1_IRQHandler                         0x0800025b   Thumb Code     0  startup_stm32f40_41xxx.o(.text)
    EXTI2_IRQHandler                         0x0800025b   Thumb Code     0  startup_stm32f40_41xxx.o(.text)
    EXTI3_IRQHandler                         0x0800025b   Thumb Code     0  startup_stm32f40_41xxx.o(.text)
    EXTI4_IRQHandler                         0x0800025b   Thumb Code     0  startup_stm32f40_41xxx.o(.text)
    EXTI9_5_IRQHandler                       0x0800025b   Thumb Code     0  startup_stm32f40_41xxx.o(.text)
    FLASH_IRQHandler                         0x0800025b   Thumb Code     0  startup_stm32f40_41xxx.o(.text)
    FPU_IRQHandler                           0x0800025b   Thumb Code     0  startup_stm32f40_41xxx.o(.text)
    FSMC_IRQHandler                          0x0800025b   Thumb Code     0  startup_stm32f40_41xxx.o(.text)
    HASH_RNG_IRQHandler                      0x0800025b   Thumb Code     0  startup_stm32f40_41xxx.o(.text)
    I2C1_ER_IRQHandler                       0x0800025b   Thumb Code     0  startup_stm32f40_41xxx.o(.text)
    I2C1_EV_IRQHandler                       0x0800025b   Thumb Code     0  startup_stm32f40_41xxx.o(.text)
    I2C2_ER_IRQHandler                       0x0800025b   Thumb Code     0  startup_stm32f40_41xxx.o(.text)
    I2C2_EV_IRQHandler                       0x0800025b   Thumb Code     0  startup_stm32f40_41xxx.o(.text)
    I2C3_ER_IRQHandler                       0x0800025b   Thumb Code     0  startup_stm32f40_41xxx.o(.text)
    I2C3_EV_IRQHandler                       0x0800025b   Thumb Code     0  startup_stm32f40_41xxx.o(.text)
    OTG_FS_IRQHandler                        0x0800025b   Thumb Code     0  startup_stm32f40_41xxx.o(.text)
    OTG_FS_WKUP_IRQHandler                   0x0800025b   Thumb Code     0  startup_stm32f40_41xxx.o(.text)
    OTG_HS_EP1_IN_IRQHandler                 0x0800025b   Thumb Code     0  startup_stm32f40_41xxx.o(.text)
    OTG_HS_EP1_OUT_IRQHandler                0x0800025b   Thumb Code     0  startup_stm32f40_41xxx.o(.text)
    OTG_HS_IRQHandler                        0x0800025b   Thumb Code     0  startup_stm32f40_41xxx.o(.text)
    OTG_HS_WKUP_IRQHandler                   0x0800025b   Thumb Code     0  startup_stm32f40_41xxx.o(.text)
    PVD_IRQHandler                           0x0800025b   Thumb Code     0  startup_stm32f40_41xxx.o(.text)
    RCC_IRQHandler                           0x0800025b   Thumb Code     0  startup_stm32f40_41xxx.o(.text)
    RTC_Alarm_IRQHandler                     0x0800025b   Thumb Code     0  startup_stm32f40_41xxx.o(.text)
    RTC_WKUP_IRQHandler                      0x0800025b   Thumb Code     0  startup_stm32f40_41xxx.o(.text)
    SDIO_IRQHandler                          0x0800025b   Thumb Code     0  startup_stm32f40_41xxx.o(.text)
    SPI1_IRQHandler                          0x0800025b   Thumb Code     0  startup_stm32f40_41xxx.o(.text)
    SPI2_IRQHandler                          0x0800025b   Thumb Code     0  startup_stm32f40_41xxx.o(.text)
    SPI3_IRQHandler                          0x0800025b   Thumb Code     0  startup_stm32f40_41xxx.o(.text)
    TAMP_STAMP_IRQHandler                    0x0800025b   Thumb Code     0  startup_stm32f40_41xxx.o(.text)
    TIM1_BRK_TIM9_IRQHandler                 0x0800025b   Thumb Code     0  startup_stm32f40_41xxx.o(.text)
    TIM1_CC_IRQHandler                       0x0800025b   Thumb Code     0  startup_stm32f40_41xxx.o(.text)
    TIM1_TRG_COM_TIM11_IRQHandler            0x0800025b   Thumb Code     0  startup_stm32f40_41xxx.o(.text)
    TIM2_IRQHandler                          0x0800025b   Thumb Code     0  startup_stm32f40_41xxx.o(.text)
    TIM3_IRQHandler                          0x0800025b   Thumb Code     0  startup_stm32f40_41xxx.o(.text)
    TIM4_IRQHandler                          0x0800025b   Thumb Code     0  startup_stm32f40_41xxx.o(.text)
    TIM5_IRQHandler                          0x0800025b   Thumb Code     0  startup_stm32f40_41xxx.o(.text)
    TIM6_DAC_IRQHandler                      0x0800025b   Thumb Code     0  startup_stm32f40_41xxx.o(.text)
    TIM7_IRQHandler                          0x0800025b   Thumb Code     0  startup_stm32f40_41xxx.o(.text)
    TIM8_BRK_TIM12_IRQHandler                0x0800025b   Thumb Code     0  startup_stm32f40_41xxx.o(.text)
    TIM8_CC_IRQHandler                       0x0800025b   Thumb Code     0  startup_stm32f40_41xxx.o(.text)
    TIM8_TRG_COM_TIM14_IRQHandler            0x0800025b   Thumb Code     0  startup_stm32f40_41xxx.o(.text)
    TIM8_UP_TIM13_IRQHandler                 0x0800025b   Thumb Code     0  startup_stm32f40_41xxx.o(.text)
    UART4_IRQHandler                         0x0800025b   Thumb Code     0  startup_stm32f40_41xxx.o(.text)
    UART5_IRQHandler                         0x0800025b   Thumb Code     0  startup_stm32f40_41xxx.o(.text)
    USART3_IRQHandler                        0x0800025b   Thumb Code     0  startup_stm32f40_41xxx.o(.text)
    USART6_IRQHandler                        0x0800025b   Thumb Code     0  startup_stm32f40_41xxx.o(.text)
    WWDG_IRQHandler                          0x0800025b   Thumb Code     0  startup_stm32f40_41xxx.o(.text)
    __user_initial_stackheap                 0x0800025d   Thumb Code     0  startup_stm32f40_41xxx.o(.text)
    arm_cos_f32                              0x08000281   Thumb Code   194  arm_cos_f32.o(.text)
    arm_sin_f32                              0x08000359   Thumb Code   194  arm_sin_f32.o(.text)
    arm_pid_init_f32                         0x08000431   Thumb Code    56  arm_pid_init_f32.o(.text)
    arm_pid_reset_f32                        0x08000469   Thumb Code    10  arm_pid_reset_f32.o(.text)
    __use_no_semihosting                     0x08000473   Thumb Code     2  use_no_semi_2.o(.text)
    __2printf                                0x08000475   Thumb Code    20  __2printf.o(.text)
    __printf                                 0x0800048d   Thumb Code   388  __printf_flags_ss_wp.o(.text)
    __use_two_region_memory                  0x08000615   Thumb Code     2  heapauxi.o(.text)
    __rt_heap_escrow$2region                 0x08000617   Thumb Code     2  heapauxi.o(.text)
    __rt_heap_expand$2region                 0x08000619   Thumb Code     2  heapauxi.o(.text)
    __I$use$semihosting                      0x0800061b   Thumb Code     0  use_no_semi.o(.text)
    __use_no_semihosting_swi                 0x0800061b   Thumb Code     2  use_no_semi.o(.text)
    __read_errno                             0x0800061d   Thumb Code    10  _rserrno.o(.text)
    __set_errno                              0x08000627   Thumb Code    12  _rserrno.o(.text)
    __lib_sel_fp_printf                      0x08000633   Thumb Code     2  _printf_fp_dec.o(.text)
    _printf_fp_dec_real                      0x080007e1   Thumb Code   620  _printf_fp_dec.o(.text)
    _printf_char_common                      0x08000a57   Thumb Code    32  _printf_char_common.o(.text)
    _printf_char_file                        0x08000a7d   Thumb Code    32  _printf_char_file.o(.text)
    __rt_locale                              0x08000aa1   Thumb Code     8  rt_locale_intlibspace.o(.text)
    __aeabi_errno_addr                       0x08000aa9   Thumb Code     8  rt_errno_addr_intlibspace.o(.text)
    __errno$intlibspace                      0x08000aa9   Thumb Code     0  rt_errno_addr_intlibspace.o(.text)
    __rt_errno_addr$intlibspace              0x08000aa9   Thumb Code     0  rt_errno_addr_intlibspace.o(.text)
    _ll_udiv10                               0x08000ab1   Thumb Code   138  lludiv10.o(.text)
    _printf_fp_infnan                        0x08000b3d   Thumb Code   112  _printf_fp_infnan.o(.text)
    _btod_etento                             0x08000bbd   Thumb Code   216  bigflt0.o(.text)
    ferror                                   0x08000c99   Thumb Code     8  ferror.o(.text)
    __user_libspace                          0x08000ca1   Thumb Code     8  libspace.o(.text)
    __user_perproc_libspace                  0x08000ca1   Thumb Code     0  libspace.o(.text)
    __user_perthread_libspace                0x08000ca1   Thumb Code     0  libspace.o(.text)
    __user_setup_stackheap                   0x08000ca9   Thumb Code    74  sys_stackheap_outer.o(.text)
    exit                                     0x08000cf3   Thumb Code    12  exit.o(.text)
    strcmp                                   0x08000d01   Thumb Code   128  strcmpv7m.o(.text)
    _btod_d2e                                0x08000d81   Thumb Code    62  btod.o(CL$$btod_d2e)
    _d2e_denorm_low                          0x08000dbf   Thumb Code    70  btod.o(CL$$btod_d2e_denorm_low)
    _d2e_norm_op1                            0x08000e05   Thumb Code    96  btod.o(CL$$btod_d2e_norm_op1)
    __btod_div_common                        0x08000e65   Thumb Code   696  btod.o(CL$$btod_div_common)
    _e2e                                     0x0800119d   Thumb Code   198  btod.o(CL$$btod_e2e)
    _btod_ediv                               0x08001263   Thumb Code    40  btod.o(CL$$btod_ediv)
    _btod_emul                               0x0800128b   Thumb Code    40  btod.o(CL$$btod_emul)
    __btod_mult_common                       0x080012b3   Thumb Code   580  btod.o(CL$$btod_mult_common)
    ACR_PID_Init                             0x080014f9   Thumb Code    84  acr.o(i.ACR_PID_Init)
    ACR_calc                                 0x08001559   Thumb Code   106  acr.o(i.ACR_calc)
    ADC_Cmd                                  0x080015d1   Thumb Code    22  stm32f4xx_adc.o(i.ADC_Cmd)
    ADC_CommonInit                           0x080015e9   Thumb Code    34  stm32f4xx_adc.o(i.ADC_CommonInit)
    ADC_DMACmd                               0x08001619   Thumb Code    22  stm32f4xx_adc.o(i.ADC_DMACmd)
    ADC_DMARequestAfterLastTransferCmd       0x0800162f   Thumb Code    22  stm32f4xx_adc.o(i.ADC_DMARequestAfterLastTransferCmd)
    ADC_DeInit                               0x08001645   Thumb Code    22  stm32f4xx_adc.o(i.ADC_DeInit)
    ADC_IRQHandler                           0x0800165d   Thumb Code   396  drv_adc.o(i.ADC_IRQHandler)
    ADC_ITConfig                             0x0800181d   Thumb Code    32  stm32f4xx_adc.o(i.ADC_ITConfig)
    ADC_Init                                 0x0800183d   Thumb Code    74  stm32f4xx_adc.o(i.ADC_Init)
    ADC_RegularChannelConfig                 0x08001891   Thumb Code   184  stm32f4xx_adc.o(i.ADC_RegularChannelConfig)
    ADC_SoftwareStartConv                    0x08001949   Thumb Code    10  stm32f4xx_adc.o(i.ADC_SoftwareStartConv)
    ASR_PID_Init                             0x08001955   Thumb Code    42  asr.o(i.ASR_PID_Init)
    ASR_calc                                 0x0800198d   Thumb Code    98  asr.o(i.ASR_calc)
    BusFault_Handler                         0x080019f9   Thumb Code     4  stm32f4xx_it.o(i.BusFault_Handler)
    DMA1_Stream0_IRQHandler                  0x080019fd   Thumb Code     8  drv_i2c.o(i.DMA1_Stream0_IRQHandler)
    DMA1_Stream6_IRQHandler                  0x08001a05   Thumb Code     8  drv_i2c.o(i.DMA1_Stream6_IRQHandler)
    DMA_ClearFlag                            0x08001a0d   Thumb Code    38  stm32f4xx_dma.o(i.DMA_ClearFlag)
    DMA_Cmd                                  0x08001a41   Thumb Code    22  stm32f4xx_dma.o(i.DMA_Cmd)
    DMA_DeInit                               0x08001a59   Thumb Code   324  stm32f4xx_dma.o(i.DMA_DeInit)
    DMA_GetCmdStatus                         0x08001bb1   Thumb Code    20  stm32f4xx_dma.o(i.DMA_GetCmdStatus)
    DMA_GetFlagStatus                        0x08001bc5   Thumb Code    54  stm32f4xx_dma.o(i.DMA_GetFlagStatus)
    DMA_ITConfig                             0x08001c09   Thumb Code    58  stm32f4xx_dma.o(i.DMA_ITConfig)
    DMA_Init                                 0x08001c45   Thumb Code    82  stm32f4xx_dma.o(i.DMA_Init)
    DebugMon_Handler                         0x08001c9d   Thumb Code     2  stm32f4xx_it.o(i.DebugMon_Handler)
    Delay_ms                                 0x08001c9f   Thumb Code    24  drv_time.o(i.Delay_ms)
    Delay_us                                 0x08001cb7   Thumb Code    24  drv_time.o(i.Delay_us)
    Drv_AdcInit                              0x08001cd1   Thumb Code   198  drv_adc.o(i.Drv_AdcInit)
    GPIO_Init                                0x08001da1   Thumb Code   144  stm32f4xx_gpio.o(i.GPIO_Init)
    GPIO_PinAFConfig                         0x08001e31   Thumb Code    70  stm32f4xx_gpio.o(i.GPIO_PinAFConfig)
    GPIO_ReadInputDataBit                    0x08001e77   Thumb Code    18  stm32f4xx_gpio.o(i.GPIO_ReadInputDataBit)
    GPIO_ResetBits                           0x08001e89   Thumb Code     4  stm32f4xx_gpio.o(i.GPIO_ResetBits)
    GPIO_SetBits                             0x08001e8d   Thumb Code     4  stm32f4xx_gpio.o(i.GPIO_SetBits)
    GetSysTime_us                            0x08001e91   Thumb Code    58  drv_time.o(i.GetSysTime_us)
    Get_Angle                                0x08001ed1   Thumb Code    42  as5600.o(i.Get_Angle)
    HardFault_Handler                        0x08001f01   Thumb Code     4  stm32f4xx_it.o(i.HardFault_Handler)
    I2C1_Recv_DMA_IRQ                        0x08001f05   Thumb Code    46  drv_i2c.o(i.I2C1_Recv_DMA_IRQ)
    I2C1_Send_DMA_IRQ                        0x08001f45   Thumb Code    84  drv_i2c.o(i.I2C1_Send_DMA_IRQ)
    I2C_AcknowledgeConfig                    0x08001fb1   Thumb Code    24  stm32f4xx_i2c.o(i.I2C_AcknowledgeConfig)
    I2C_CheckEvent                           0x08001fc9   Thumb Code    42  stm32f4xx_i2c.o(i.I2C_CheckEvent)
    I2C_Cmd                                  0x08001ff3   Thumb Code    24  stm32f4xx_i2c.o(i.I2C_Cmd)
    I2C_Config                               0x0800200d   Thumb Code   426  drv_i2c.o(i.I2C_Config)
    I2C_DMACmd                               0x080021d9   Thumb Code    24  stm32f4xx_i2c.o(i.I2C_DMACmd)
    I2C_DMALastTransferCmd                   0x080021f1   Thumb Code    24  stm32f4xx_i2c.o(i.I2C_DMALastTransferCmd)
    I2C_DMA_Read                             0x08002209   Thumb Code   606  drv_i2c.o(i.I2C_DMA_Read)
    I2C_GenerateSTART                        0x08002489   Thumb Code    24  stm32f4xx_i2c.o(i.I2C_GenerateSTART)
    I2C_GenerateSTOP                         0x080024a1   Thumb Code    24  stm32f4xx_i2c.o(i.I2C_GenerateSTOP)
    I2C_GetFlagStatus                        0x080024b9   Thumb Code    58  stm32f4xx_i2c.o(i.I2C_GetFlagStatus)
    I2C_Init                                 0x080024f5   Thumb Code   218  stm32f4xx_i2c.o(i.I2C_Init)
    I2C_ReceiveData                          0x080025dd   Thumb Code     8  stm32f4xx_i2c.o(i.I2C_ReceiveData)
    I2C_Send7bitAddress                      0x080025e5   Thumb Code    16  stm32f4xx_i2c.o(i.I2C_Send7bitAddress)
    I2C_SendData                             0x080025f5   Thumb Code     4  stm32f4xx_i2c.o(i.I2C_SendData)
    I2C_TimeOut                              0x080025f9   Thumb Code    14  drv_i2c.o(i.I2C_TimeOut)
    IO_Init                                  0x08002619   Thumb Code    56  ios.o(i.IO_Init)
    IuvwToIdq                                0x08002655   Thumb Code   130  foc.o(i.IuvwToIdq)
    KEY_Init                                 0x080026e1   Thumb Code    42  key.o(i.KEY_Init)
    KEY_Scan                                 0x08002711   Thumb Code    74  key.o(i.KEY_Scan)
    LED_Init                                 0x08002765   Thumb Code    60  led.o(i.LED_Init)
    MemManage_Handler                        0x08002853   Thumb Code     4  stm32f4xx_it.o(i.MemManage_Handler)
    NMI_Handler                              0x08002857   Thumb Code     2  stm32f4xx_it.o(i.NMI_Handler)
    NVIC_Init                                0x08002859   Thumb Code   106  misc.o(i.NVIC_Init)
    NVIC_PriorityGroupConfig                 0x080028d1   Thumb Code    10  misc.o(i.NVIC_PriorityGroupConfig)
    PendSV_Handler                           0x080028e5   Thumb Code     2  stm32f4xx_it.o(i.PendSV_Handler)
    RCC_AHB1PeriphClockCmd                   0x080028e9   Thumb Code    26  stm32f4xx_rcc.o(i.RCC_AHB1PeriphClockCmd)
    RCC_APB1PeriphClockCmd                   0x08002909   Thumb Code    26  stm32f4xx_rcc.o(i.RCC_APB1PeriphClockCmd)
    RCC_APB1PeriphResetCmd                   0x08002929   Thumb Code    26  stm32f4xx_rcc.o(i.RCC_APB1PeriphResetCmd)
    RCC_APB2PeriphClockCmd                   0x08002949   Thumb Code    26  stm32f4xx_rcc.o(i.RCC_APB2PeriphClockCmd)
    RCC_APB2PeriphResetCmd                   0x08002969   Thumb Code    26  stm32f4xx_rcc.o(i.RCC_APB2PeriphResetCmd)
    RCC_GetClocksFreq                        0x08002989   Thumb Code   214  stm32f4xx_rcc.o(i.RCC_GetClocksFreq)
    Run_CloseLoop                            0x08002a71   Thumb Code   432  foc.o(i.Run_CloseLoop)
    SVC_Handler                              0x08002c61   Thumb Code     2  stm32f4xx_it.o(i.SVC_Handler)
    Scheduler_Run                            0x08002c65   Thumb Code    76  scheduler.o(i.Scheduler_Run)
    Scheduler_Setup                          0x08002cb5   Thumb Code    76  scheduler.o(i.Scheduler_Setup)
    Set_Pwm                                  0x08002df1   Thumb Code   116  timer.o(i.Set_Pwm)
    SysTick_CLKSourceConfig                  0x08002e69   Thumb Code    40  misc.o(i.SysTick_CLKSourceConfig)
    SysTick_Configuration                    0x08002e91   Thumb Code    98  drv_time.o(i.SysTick_Configuration)
    SysTick_GetTick                          0x08002efd   Thumb Code     6  drv_time.o(i.SysTick_GetTick)
    SysTick_Handler                          0x08002f09   Thumb Code    18  drv_time.o(i.SysTick_Handler)
    SystemInit                               0x08002f21   Thumb Code    88  system_stm32f4xx.o(i.SystemInit)
    TIM1_PWM_Init                            0x08002f89   Thumb Code   332  timer.o(i.TIM1_PWM_Init)
    TIM1_UP_TIM10_IRQHandler                 0x080030dd   Thumb Code    56  timer.o(i.TIM1_UP_TIM10_IRQHandler)
    TIM_ARRPreloadConfig                     0x08003125   Thumb Code    24  stm32f4xx_tim.o(i.TIM_ARRPreloadConfig)
    TIM_ClearITPendingBit                    0x0800313d   Thumb Code     6  stm32f4xx_tim.o(i.TIM_ClearITPendingBit)
    TIM_Cmd                                  0x08003143   Thumb Code    24  stm32f4xx_tim.o(i.TIM_Cmd)
    TIM_CtrlPWMOutputs                       0x0800315b   Thumb Code    30  stm32f4xx_tim.o(i.TIM_CtrlPWMOutputs)
    TIM_GetITStatus                          0x08003179   Thumb Code    34  stm32f4xx_tim.o(i.TIM_GetITStatus)
    TIM_ITConfig                             0x0800319b   Thumb Code    18  stm32f4xx_tim.o(i.TIM_ITConfig)
    TIM_OC1Init                              0x080031ad   Thumb Code   114  stm32f4xx_tim.o(i.TIM_OC1Init)
    TIM_OC1PreloadConfig                     0x08003229   Thumb Code    18  stm32f4xx_tim.o(i.TIM_OC1PreloadConfig)
    TIM_OC2Init                              0x0800323d   Thumb Code   154  stm32f4xx_tim.o(i.TIM_OC2Init)
    TIM_OC2PreloadConfig                     0x080032e1   Thumb Code    26  stm32f4xx_tim.o(i.TIM_OC2PreloadConfig)
    TIM_OC3Init                              0x080032fd   Thumb Code   150  stm32f4xx_tim.o(i.TIM_OC3Init)
    TIM_OC3PreloadConfig                     0x0800339d   Thumb Code    18  stm32f4xx_tim.o(i.TIM_OC3PreloadConfig)
    TIM_OC4Init                              0x080033b1   Thumb Code   112  stm32f4xx_tim.o(i.TIM_OC4Init)
    TIM_OC4PreloadConfig                     0x08003429   Thumb Code    26  stm32f4xx_tim.o(i.TIM_OC4PreloadConfig)
    TIM_SetCompare1                          0x08003443   Thumb Code     4  stm32f4xx_tim.o(i.TIM_SetCompare1)
    TIM_SetCompare2                          0x08003447   Thumb Code     4  stm32f4xx_tim.o(i.TIM_SetCompare2)
    TIM_SetCompare3                          0x0800344b   Thumb Code     4  stm32f4xx_tim.o(i.TIM_SetCompare3)
    TIM_TimeBaseInit                         0x08003451   Thumb Code   104  stm32f4xx_tim.o(i.TIM_TimeBaseInit)
    USART1_IRQHandler                        0x080034d5   Thumb Code   122  usart.o(i.USART1_IRQHandler)
    USART2_IRQHandler                        0x0800355d   Thumb Code   122  usart.o(i.USART2_IRQHandler)
    USART_Cmd                                0x080035e5   Thumb Code    24  stm32f4xx_usart.o(i.USART_Cmd)
    USART_GetITStatus                        0x080035fd   Thumb Code    84  stm32f4xx_usart.o(i.USART_GetITStatus)
    USART_ITConfig                           0x08003651   Thumb Code    74  stm32f4xx_usart.o(i.USART_ITConfig)
    USART_Init                               0x0800369d   Thumb Code   204  stm32f4xx_usart.o(i.USART_Init)
    USART_ReceiveData                        0x08003771   Thumb Code    10  stm32f4xx_usart.o(i.USART_ReceiveData)
    UdqToUab                                 0x0800377b   Thumb Code   124  foc.o(i.UdqToUab)
    UsageFault_Handler                       0x080037f7   Thumb Code     4  stm32f4xx_it.o(i.UsageFault_Handler)
    __ARM_fpclassify                         0x080037fb   Thumb Code    48  fpclassify.o(i.__ARM_fpclassify)
    __hardfp_fmod                            0x0800382d   Thumb Code   254  fmod.o(i.__hardfp_fmod)
    __mathlib_dbl_invalid                    0x08003931   Thumb Code    24  dunder.o(i.__mathlib_dbl_invalid)
    _is_digit                                0x08003951   Thumb Code    14  __printf_wp.o(i._is_digit)
    _sys_exit                                0x0800395f   Thumb Code     4  usart.o(i._sys_exit)
    convertRawAngleToDegrees                 0x080039a5   Thumb Code    52  as5600.o(i.convertRawAngleToDegrees)
    fputc                                    0x080039e1   Thumb Code    22  usart.o(i.fputc)
    getRawAngle                              0x080039fd   Thumb Code    14  as5600.o(i.getRawAngle)
    main                                     0x08003a81   Thumb Code    82  main.o(i.main)
    readTwoBytes                             0x08003aed   Thumb Code    42  as5600.o(i.readTwoBytes)
    svpwm_calc                               0x08003b19   Thumb Code   342  svpwm.o(i.svpwm_calc)
    svpwm_get_regs_mod                       0x08003c79   Thumb Code   154  svpwm.o(i.svpwm_get_regs_mod)
    svpwm_overflow_check                     0x08003d13   Thumb Code   172  svpwm.o(i.svpwm_overflow_check)
    sys_time                                 0x08003dc1   Thumb Code    12  drv_time.o(i.sys_time)
    uart_init                                0x08003dd1   Thumb Code   164  usart.o(i.uart_init)
    _get_lc_numeric                          0x08003e7d   Thumb Code    44  lc_numeric_c.o(locale$$code)
    __aeabi_d2f                              0x08003ea9   Thumb Code     0  d2f.o(x$fpl$d2f)
    _d2f                                     0x08003ea9   Thumb Code    98  d2f.o(x$fpl$d2f)
    __aeabi_dadd                             0x08003f0d   Thumb Code     0  daddsub_clz.o(x$fpl$dadd)
    _dadd                                    0x08003f0d   Thumb Code   332  daddsub_clz.o(x$fpl$dadd)
    __aeabi_ddiv                             0x0800405d   Thumb Code     0  ddiv.o(x$fpl$ddiv)
    _ddiv                                    0x0800405d   Thumb Code   552  ddiv.o(x$fpl$ddiv)
    __aeabi_i2d                              0x0800430d   Thumb Code     0  dflt_clz.o(x$fpl$dflt)
    _dflt                                    0x0800430d   Thumb Code    46  dflt_clz.o(x$fpl$dflt)
    __aeabi_dmul                             0x0800433d   Thumb Code     0  dmul.o(x$fpl$dmul)
    _dmul                                    0x0800433d   Thumb Code   332  dmul.o(x$fpl$dmul)
    __fpl_dnaninf                            0x08004491   Thumb Code   156  dnaninf.o(x$fpl$dnaninf)
    _drem                                    0x0800452d   Thumb Code   328  drem_clz.o(x$fpl$drem)
    __fpl_dretinf                            0x0800467d   Thumb Code    12  dretinf.o(x$fpl$dretinf)
    __aeabi_drsub                            0x08004689   Thumb Code     0  daddsub_clz.o(x$fpl$drsb)
    _drsb                                    0x08004689   Thumb Code    22  daddsub_clz.o(x$fpl$drsb)
    __aeabi_dsub                             0x080046a1   Thumb Code     0  daddsub_clz.o(x$fpl$dsub)
    _dsub                                    0x080046a1   Thumb Code   464  daddsub_clz.o(x$fpl$dsub)
    __aeabi_f2d                              0x08004875   Thumb Code     0  f2d.o(x$fpl$f2d)
    _f2d                                     0x08004875   Thumb Code    86  f2d.o(x$fpl$f2d)
    __fpl_fnaninf                            0x080048cb   Thumb Code   140  fnaninf.o(x$fpl$fnaninf)
    _fp_init                                 0x08004957   Thumb Code    10  fpinit.o(x$fpl$fpinit)
    __fplib_config_fpu_vfp                   0x0800495f   Thumb Code     0  fpinit.o(x$fpl$fpinit)
    __fplib_config_pureend_doubles           0x0800495f   Thumb Code     0  fpinit.o(x$fpl$fpinit)
    __fpl_fretinf                            0x08004961   Thumb Code    10  fretinf.o(x$fpl$fretinf)
    _printf_fp_dec                           0x0800496b   Thumb Code     4  printf1.o(x$fpl$printf1)
    __I$use$fp                               0x0800496e   Number         0  usenofp.o(x$fpl$usenofp)
    Region$$Table$$Base                      0x08005234   Number         0  anon$$obj.o(Region$$Table)
    Region$$Table$$Limit                     0x08005254   Number         0  anon$$obj.o(Region$$Table)
    __stdout                                 0x20000000   Data           4  usart.o(.data)
    USART_RX_STA                             0x20000004   Data           2  usart.o(.data)
    tim1PE14IT                               0x20000006   Data           1  timer.o(.data)
    AdcValue                                 0x20000008   Data           4  drv_adc.o(.data)
    calibration_ch0                          0x2000000c   Data           4  drv_adc.o(.data)
    calibration_ch1                          0x20000010   Data           4  drv_adc.o(.data)
    sysTickUptime                            0x20000018   Data           4  drv_time.o(.data)
    systime_ms                               0x2000001c   Data           4  drv_time.o(.data)
    I2C_ReadPtr                              0x20000020   Data           4  drv_i2c.o(.data)
    I2C_WritePtr                             0x20000024   Data           4  drv_i2c.o(.data)
    I2C_TimeCnt                              0x20000028   Data           4  drv_i2c.o(.data)
    pulse                                    0x20000040   Data           2  scheduler.o(.data)
    USART2_TX_BUF                            0x20000098   Data         400  usart.o(.bss)
    USART_RX_BUF                             0x20000228   Data         200  usart.o(.bss)
    DMA_InitStruct                           0x200002f0   Data          60  drv_i2c.o(.bss)
    test_dT_1000hz                           0x2000032c   Data          12  scheduler.o(.bss)
    test_rT                                  0x20000338   Data          24  scheduler.o(.bss)
    ACR_PID_d                                0x20000350   Data          36  acr.o(.bss)
    ACR_PID_q                                0x20000374   Data          36  acr.o(.bss)
    ASR_PID                                  0x20000398   Data          36  asr.o(.bss)
    foc_var                                  0x200003bc   Data          36  foc.o(.bss)
    foc_reg_var                              0x200003e0   Data          12  foc.o(.bss)
    ctIO                                     0x200003ec   Data          16  foc.o(.bss)
    fb                                       0x200003fc   Data          40  foc.o(.bss)
    ex                                       0x20000424   Data          16  foc.o(.bss)
    __libspace_start                         0x20000434   Data          96  libspace.o(.bss)
    __temporary_stack_top$libspace           0x20000494   Data           0  libspace.o(.bss)



==============================================================================

Memory Map of the image

  Image Entry point : 0x08000189

  Load Region LR_IROM1 (Base: 0x08000000, Size: 0x00005308, Max: 0x00080000, ABSOLUTE)

    Execution Region ER_IROM1 (Base: 0x08000000, Size: 0x00005270, Max: 0x00080000, ABSOLUTE)

    Base Addr    Size         Type   Attr      Idx    E Section Name        Object

    0x08000000   0x00000188   Data   RO         5746    RESET               startup_stm32f40_41xxx.o
    0x08000188   0x00000008   Code   RO         6187  * !!!main             c_w.l(__main.o)
    0x08000190   0x00000034   Code   RO         6556    !!!scatter          c_w.l(__scatter.o)
    0x080001c4   0x0000001a   Code   RO         6558    !!handler_copy      c_w.l(__scatter_copy.o)
    0x080001de   0x00000002   PAD
    0x080001e0   0x0000001c   Code   RO         6560    !!handler_zi        c_w.l(__scatter_zi.o)
    0x080001fc   0x00000000   Code   RO         6182    .ARM.Collect$$_printf_percent$$00000000  c_w.l(_printf_percent.o)
    0x080001fc   0x00000006   Code   RO         6181    .ARM.Collect$$_printf_percent$$00000003  c_w.l(_printf_f.o)
    0x08000202   0x00000004   Code   RO         6294    .ARM.Collect$$_printf_percent$$00000017  c_w.l(_printf_percent_end.o)
    0x08000206   0x00000002   Code   RO         6431    .ARM.Collect$$libinit$$00000000  c_w.l(libinit.o)
    0x08000208   0x00000004   Code   RO         6432    .ARM.Collect$$libinit$$00000001  c_w.l(libinit2.o)
    0x0800020c   0x00000000   Code   RO         6435    .ARM.Collect$$libinit$$00000004  c_w.l(libinit2.o)
    0x0800020c   0x00000000   Code   RO         6438    .ARM.Collect$$libinit$$0000000A  c_w.l(libinit2.o)
    0x0800020c   0x00000000   Code   RO         6440    .ARM.Collect$$libinit$$0000000C  c_w.l(libinit2.o)
    0x0800020c   0x00000000   Code   RO         6442    .ARM.Collect$$libinit$$0000000E  c_w.l(libinit2.o)
    0x0800020c   0x00000006   Code   RO         6443    .ARM.Collect$$libinit$$0000000F  c_w.l(libinit2.o)
    0x08000212   0x00000000   Code   RO         6445    .ARM.Collect$$libinit$$00000011  c_w.l(libinit2.o)
    0x08000212   0x00000000   Code   RO         6447    .ARM.Collect$$libinit$$00000013  c_w.l(libinit2.o)
    0x08000212   0x00000000   Code   RO         6449    .ARM.Collect$$libinit$$00000015  c_w.l(libinit2.o)
    0x08000212   0x0000000a   Code   RO         6450    .ARM.Collect$$libinit$$00000016  c_w.l(libinit2.o)
    0x0800021c   0x00000000   Code   RO         6451    .ARM.Collect$$libinit$$00000017  c_w.l(libinit2.o)
    0x0800021c   0x00000000   Code   RO         6453    .ARM.Collect$$libinit$$00000019  c_w.l(libinit2.o)
    0x0800021c   0x00000000   Code   RO         6455    .ARM.Collect$$libinit$$0000001B  c_w.l(libinit2.o)
    0x0800021c   0x00000000   Code   RO         6457    .ARM.Collect$$libinit$$0000001D  c_w.l(libinit2.o)
    0x0800021c   0x00000000   Code   RO         6459    .ARM.Collect$$libinit$$0000001F  c_w.l(libinit2.o)
    0x0800021c   0x00000000   Code   RO         6461    .ARM.Collect$$libinit$$00000021  c_w.l(libinit2.o)
    0x0800021c   0x00000000   Code   RO         6463    .ARM.Collect$$libinit$$00000023  c_w.l(libinit2.o)
    0x0800021c   0x00000000   Code   RO         6465    .ARM.Collect$$libinit$$00000025  c_w.l(libinit2.o)
    0x0800021c   0x00000000   Code   RO         6469    .ARM.Collect$$libinit$$0000002C  c_w.l(libinit2.o)
    0x0800021c   0x00000000   Code   RO         6471    .ARM.Collect$$libinit$$0000002E  c_w.l(libinit2.o)
    0x0800021c   0x00000000   Code   RO         6473    .ARM.Collect$$libinit$$00000030  c_w.l(libinit2.o)
    0x0800021c   0x00000000   Code   RO         6475    .ARM.Collect$$libinit$$00000032  c_w.l(libinit2.o)
    0x0800021c   0x00000002   Code   RO         6476    .ARM.Collect$$libinit$$00000033  c_w.l(libinit2.o)
    0x0800021e   0x00000002   Code   RO         6507    .ARM.Collect$$libshutdown$$00000000  c_w.l(libshutdown.o)
    0x08000220   0x00000000   Code   RO         6517    .ARM.Collect$$libshutdown$$00000003  c_w.l(libshutdown2.o)
    0x08000220   0x00000000   Code   RO         6520    .ARM.Collect$$libshutdown$$00000006  c_w.l(libshutdown2.o)
    0x08000220   0x00000000   Code   RO         6523    .ARM.Collect$$libshutdown$$00000009  c_w.l(libshutdown2.o)
    0x08000220   0x00000000   Code   RO         6525    .ARM.Collect$$libshutdown$$0000000B  c_w.l(libshutdown2.o)
    0x08000220   0x00000000   Code   RO         6528    .ARM.Collect$$libshutdown$$0000000E  c_w.l(libshutdown2.o)
    0x08000220   0x00000002   Code   RO         6529    .ARM.Collect$$libshutdown$$0000000F  c_w.l(libshutdown2.o)
    0x08000222   0x00000000   Code   RO         6229    .ARM.Collect$$rtentry$$00000000  c_w.l(__rtentry.o)
    0x08000222   0x00000000   Code   RO         6338    .ARM.Collect$$rtentry$$00000002  c_w.l(__rtentry2.o)
    0x08000222   0x00000006   Code   RO         6350    .ARM.Collect$$rtentry$$00000004  c_w.l(__rtentry4.o)
    0x08000228   0x00000000   Code   RO         6340    .ARM.Collect$$rtentry$$00000009  c_w.l(__rtentry2.o)
    0x08000228   0x00000004   Code   RO         6341    .ARM.Collect$$rtentry$$0000000A  c_w.l(__rtentry2.o)
    0x0800022c   0x00000000   Code   RO         6343    .ARM.Collect$$rtentry$$0000000C  c_w.l(__rtentry2.o)
    0x0800022c   0x00000008   Code   RO         6344    .ARM.Collect$$rtentry$$0000000D  c_w.l(__rtentry2.o)
    0x08000234   0x00000002   Code   RO         6477    .ARM.Collect$$rtexit$$00000000  c_w.l(rtexit.o)
    0x08000236   0x00000000   Code   RO         6487    .ARM.Collect$$rtexit$$00000002  c_w.l(rtexit2.o)
    0x08000236   0x00000004   Code   RO         6488    .ARM.Collect$$rtexit$$00000003  c_w.l(rtexit2.o)
    0x0800023a   0x00000006   Code   RO         6489    .ARM.Collect$$rtexit$$00000004  c_w.l(rtexit2.o)
    0x08000240   0x00000040   Code   RO         5747    .text               startup_stm32f40_41xxx.o
    0x08000280   0x000000d8   Code   RO         6042    .text               arm_cortexM4lf_math.lib(arm_cos_f32.o)
    0x08000358   0x000000d8   Code   RO         6089    .text               arm_cortexM4lf_math.lib(arm_sin_f32.o)
    0x08000430   0x00000038   Code   RO         6111    .text               arm_cortexM4lf_math.lib(arm_pid_init_f32.o)
    0x08000468   0x0000000a   Code   RO         6131    .text               arm_cortexM4lf_math.lib(arm_pid_reset_f32.o)
    0x08000472   0x00000002   Code   RO         6151    .text               c_w.l(use_no_semi_2.o)
    0x08000474   0x00000018   Code   RO         6155    .text               c_w.l(__2printf.o)
    0x0800048c   0x00000188   Code   RO         6178    .text               c_w.l(__printf_flags_ss_wp.o)
    0x08000614   0x00000006   Code   RO         6185    .text               c_w.l(heapauxi.o)
    0x0800061a   0x00000002   Code   RO         6227    .text               c_w.l(use_no_semi.o)
    0x0800061c   0x00000016   Code   RO         6230    .text               c_w.l(_rserrno.o)
    0x08000632   0x0000041a   Code   RO         6242    .text               c_w.l(_printf_fp_dec.o)
    0x08000a4c   0x00000030   Code   RO         6244    .text               c_w.l(_printf_char_common.o)
    0x08000a7c   0x00000024   Code   RO         6248    .text               c_w.l(_printf_char_file.o)
    0x08000aa0   0x00000008   Code   RO         6355    .text               c_w.l(rt_locale_intlibspace.o)
    0x08000aa8   0x00000008   Code   RO         6360    .text               c_w.l(rt_errno_addr_intlibspace.o)
    0x08000ab0   0x0000008a   Code   RO         6362    .text               c_w.l(lludiv10.o)
    0x08000b3a   0x00000002   PAD
    0x08000b3c   0x00000080   Code   RO         6369    .text               c_w.l(_printf_fp_infnan.o)
    0x08000bbc   0x000000dc   Code   RO         6377    .text               c_w.l(bigflt0.o)
    0x08000c98   0x00000008   Code   RO         6402    .text               c_w.l(ferror.o)
    0x08000ca0   0x00000008   Code   RO         6415    .text               c_w.l(libspace.o)
    0x08000ca8   0x0000004a   Code   RO         6418    .text               c_w.l(sys_stackheap_outer.o)
    0x08000cf2   0x0000000c   Code   RO         6422    .text               c_w.l(exit.o)
    0x08000cfe   0x00000002   PAD
    0x08000d00   0x00000080   Code   RO         6424    .text               c_w.l(strcmpv7m.o)
    0x08000d80   0x0000003e   Code   RO         6380    CL$$btod_d2e        c_w.l(btod.o)
    0x08000dbe   0x00000046   Code   RO         6382    CL$$btod_d2e_denorm_low  c_w.l(btod.o)
    0x08000e04   0x00000060   Code   RO         6381    CL$$btod_d2e_norm_op1  c_w.l(btod.o)
    0x08000e64   0x00000338   Code   RO         6390    CL$$btod_div_common  c_w.l(btod.o)
    0x0800119c   0x000000c6   Code   RO         6387    CL$$btod_e2e        c_w.l(btod.o)
    0x08001262   0x00000028   Code   RO         6384    CL$$btod_ediv       c_w.l(btod.o)
    0x0800128a   0x00000028   Code   RO         6383    CL$$btod_emul       c_w.l(btod.o)
    0x080012b2   0x00000244   Code   RO         6389    CL$$btod_mult_common  c_w.l(btod.o)
    0x080014f6   0x00000002   PAD
    0x080014f8   0x00000060   Code   RO         5915    i.ACR_PID_Init      acr.o
    0x08001558   0x00000078   Code   RO         5916    i.ACR_calc          acr.o
    0x080015d0   0x00000016   Code   RO         1066    i.ADC_Cmd           stm32f4xx_adc.o
    0x080015e6   0x00000002   PAD
    0x080015e8   0x00000030   Code   RO         1067    i.ADC_CommonInit    stm32f4xx_adc.o
    0x08001618   0x00000016   Code   RO         1070    i.ADC_DMACmd        stm32f4xx_adc.o
    0x0800162e   0x00000016   Code   RO         1071    i.ADC_DMARequestAfterLastTransferCmd  stm32f4xx_adc.o
    0x08001644   0x00000016   Code   RO         1072    i.ADC_DeInit        stm32f4xx_adc.o
    0x0800165a   0x00000002   PAD
    0x0800165c   0x000001c0   Code   RO          530    i.ADC_IRQHandler    drv_adc.o
    0x0800181c   0x00000020   Code   RO         1085    i.ADC_ITConfig      stm32f4xx_adc.o
    0x0800183c   0x00000054   Code   RO         1086    i.ADC_Init          stm32f4xx_adc.o
    0x08001890   0x000000b8   Code   RO         1091    i.ADC_RegularChannelConfig  stm32f4xx_adc.o
    0x08001948   0x0000000a   Code   RO         1093    i.ADC_SoftwareStartConv  stm32f4xx_adc.o
    0x08001952   0x00000002   PAD
    0x08001954   0x00000038   Code   RO         5953    i.ASR_PID_Init      asr.o
    0x0800198c   0x0000006c   Code   RO         5954    i.ASR_calc          asr.o
    0x080019f8   0x00000004   Code   RO          343    i.BusFault_Handler  stm32f4xx_it.o
    0x080019fc   0x00000008   Code   RO          743    i.DMA1_Stream0_IRQHandler  drv_i2c.o
    0x08001a04   0x00000008   Code   RO          744    i.DMA1_Stream6_IRQHandler  drv_i2c.o
    0x08001a0c   0x00000034   Code   RO         2003    i.DMA_ClearFlag     stm32f4xx_dma.o
    0x08001a40   0x00000016   Code   RO         2005    i.DMA_Cmd           stm32f4xx_dma.o
    0x08001a56   0x00000002   PAD
    0x08001a58   0x00000158   Code   RO         2006    i.DMA_DeInit        stm32f4xx_dma.o
    0x08001bb0   0x00000014   Code   RO         2010    i.DMA_GetCmdStatus  stm32f4xx_dma.o
    0x08001bc4   0x00000044   Code   RO         2014    i.DMA_GetFlagStatus  stm32f4xx_dma.o
    0x08001c08   0x0000003a   Code   RO         2016    i.DMA_ITConfig      stm32f4xx_dma.o
    0x08001c42   0x00000002   PAD
    0x08001c44   0x00000058   Code   RO         2017    i.DMA_Init          stm32f4xx_dma.o
    0x08001c9c   0x00000002   Code   RO          344    i.DebugMon_Handler  stm32f4xx_it.o
    0x08001c9e   0x00000018   Code   RO          653    i.Delay_ms          drv_time.o
    0x08001cb6   0x00000018   Code   RO          654    i.Delay_us          drv_time.o
    0x08001cce   0x00000002   PAD
    0x08001cd0   0x000000d0   Code   RO          531    i.Drv_AdcInit       drv_adc.o
    0x08001da0   0x00000090   Code   RO         2739    i.GPIO_Init         stm32f4xx_gpio.o
    0x08001e30   0x00000046   Code   RO         2740    i.GPIO_PinAFConfig  stm32f4xx_gpio.o
    0x08001e76   0x00000012   Code   RO         2743    i.GPIO_ReadInputDataBit  stm32f4xx_gpio.o
    0x08001e88   0x00000004   Code   RO         2746    i.GPIO_ResetBits    stm32f4xx_gpio.o
    0x08001e8c   0x00000004   Code   RO         2747    i.GPIO_SetBits      stm32f4xx_gpio.o
    0x08001e90   0x00000040   Code   RO          655    i.GetSysTime_us     drv_time.o
    0x08001ed0   0x00000030   Code   RO          826    i.Get_Angle         as5600.o
    0x08001f00   0x00000004   Code   RO          345    i.HardFault_Handler  stm32f4xx_it.o
    0x08001f04   0x00000040   Code   RO          745    i.I2C1_Recv_DMA_IRQ  drv_i2c.o
    0x08001f44   0x0000006c   Code   RO          746    i.I2C1_Send_DMA_IRQ  drv_i2c.o
    0x08001fb0   0x00000018   Code   RO         3011    i.I2C_AcknowledgeConfig  stm32f4xx_i2c.o
    0x08001fc8   0x0000002a   Code   RO         3014    i.I2C_CheckEvent    stm32f4xx_i2c.o
    0x08001ff2   0x00000018   Code   RO         3017    i.I2C_Cmd           stm32f4xx_i2c.o
    0x0800200a   0x00000002   PAD
    0x0800200c   0x000001cc   Code   RO          747    i.I2C_Config        drv_i2c.o
    0x080021d8   0x00000018   Code   RO         3018    i.I2C_DMACmd        stm32f4xx_i2c.o
    0x080021f0   0x00000018   Code   RO         3019    i.I2C_DMALastTransferCmd  stm32f4xx_i2c.o
    0x08002208   0x00000280   Code   RO          748    i.I2C_DMA_Read      drv_i2c.o
    0x08002488   0x00000018   Code   RO         3025    i.I2C_GenerateSTART  stm32f4xx_i2c.o
    0x080024a0   0x00000018   Code   RO         3026    i.I2C_GenerateSTOP  stm32f4xx_i2c.o
    0x080024b8   0x0000003a   Code   RO         3027    i.I2C_GetFlagStatus  stm32f4xx_i2c.o
    0x080024f2   0x00000002   PAD
    0x080024f4   0x000000e8   Code   RO         3032    i.I2C_Init          stm32f4xx_i2c.o
    0x080025dc   0x00000008   Code   RO         3037    i.I2C_ReceiveData   stm32f4xx_i2c.o
    0x080025e4   0x00000010   Code   RO         3039    i.I2C_Send7bitAddress  stm32f4xx_i2c.o
    0x080025f4   0x00000004   Code   RO         3040    i.I2C_SendData      stm32f4xx_i2c.o
    0x080025f8   0x00000020   Code   RO          752    i.I2C_TimeOut       drv_i2c.o
    0x08002618   0x0000003c   Code   RO          510    i.IO_Init           ios.o
    0x08002654   0x0000008c   Code   RO         5986    i.IuvwToIdq         foc.o
    0x080026e0   0x00000030   Code   RO          989    i.KEY_Init          key.o
    0x08002710   0x00000054   Code   RO          990    i.KEY_Scan          key.o
    0x08002764   0x00000040   Code   RO          445    i.LED_Init          led.o
    0x080027a4   0x00000048   Code   RO         5801    i.Loop_1000Hz       scheduler.o
    0x080027ec   0x0000005c   Code   RO         5802    i.Loop_100Hz        scheduler.o
    0x08002848   0x00000002   Code   RO         5803    i.Loop_200Hz        scheduler.o
    0x0800284a   0x00000002   Code   RO         5804    i.Loop_20Hz         scheduler.o
    0x0800284c   0x00000002   Code   RO         5805    i.Loop_2Hz          scheduler.o
    0x0800284e   0x00000002   Code   RO         5806    i.Loop_500Hz        scheduler.o
    0x08002850   0x00000002   Code   RO         5807    i.Loop_50Hz         scheduler.o
    0x08002852   0x00000004   Code   RO          346    i.MemManage_Handler  stm32f4xx_it.o
    0x08002856   0x00000002   Code   RO          347    i.NMI_Handler       stm32f4xx_it.o
    0x08002858   0x00000078   Code   RO         1016    i.NVIC_Init         misc.o
    0x080028d0   0x00000014   Code   RO         1017    i.NVIC_PriorityGroupConfig  misc.o
    0x080028e4   0x00000002   Code   RO          348    i.PendSV_Handler    stm32f4xx_it.o
    0x080028e6   0x00000002   PAD
    0x080028e8   0x00000020   Code   RO         3603    i.RCC_AHB1PeriphClockCmd  stm32f4xx_rcc.o
    0x08002908   0x00000020   Code   RO         3612    i.RCC_APB1PeriphClockCmd  stm32f4xx_rcc.o
    0x08002928   0x00000020   Code   RO         3614    i.RCC_APB1PeriphResetCmd  stm32f4xx_rcc.o
    0x08002948   0x00000020   Code   RO         3615    i.RCC_APB2PeriphClockCmd  stm32f4xx_rcc.o
    0x08002968   0x00000020   Code   RO         3617    i.RCC_APB2PeriphResetCmd  stm32f4xx_rcc.o
    0x08002988   0x000000e8   Code   RO         3624    i.RCC_GetClocksFreq  stm32f4xx_rcc.o
    0x08002a70   0x000001f0   Code   RO         5987    i.Run_CloseLoop     foc.o
    0x08002c60   0x00000002   Code   RO          349    i.SVC_Handler       stm32f4xx_it.o
    0x08002c62   0x00000002   PAD
    0x08002c64   0x00000050   Code   RO         5808    i.Scheduler_Run     scheduler.o
    0x08002cb4   0x00000050   Code   RO         5809    i.Scheduler_Setup   scheduler.o
    0x08002d04   0x000000ec   Code   RO          408    i.SetSysClock       system_stm32f4xx.o
    0x08002df0   0x00000078   Code   RO          465    i.Set_Pwm           timer.o
    0x08002e68   0x00000028   Code   RO         1020    i.SysTick_CLKSourceConfig  misc.o
    0x08002e90   0x0000006c   Code   RO          657    i.SysTick_Configuration  drv_time.o
    0x08002efc   0x0000000c   Code   RO          658    i.SysTick_GetTick   drv_time.o
    0x08002f08   0x00000018   Code   RO          659    i.SysTick_Handler   drv_time.o
    0x08002f20   0x00000068   Code   RO          410    i.SystemInit        system_stm32f4xx.o
    0x08002f88   0x00000154   Code   RO          466    i.TIM1_PWM_Init     timer.o
    0x080030dc   0x00000048   Code   RO          467    i.TIM1_UP_TIM10_IRQHandler  timer.o
    0x08003124   0x00000018   Code   RO         4938    i.TIM_ARRPreloadConfig  stm32f4xx_tim.o
    0x0800313c   0x00000006   Code   RO         4945    i.TIM_ClearITPendingBit  stm32f4xx_tim.o
    0x08003142   0x00000018   Code   RO         4950    i.TIM_Cmd           stm32f4xx_tim.o
    0x0800315a   0x0000001e   Code   RO         4952    i.TIM_CtrlPWMOutputs  stm32f4xx_tim.o
    0x08003178   0x00000022   Code   RO         4971    i.TIM_GetITStatus   stm32f4xx_tim.o
    0x0800319a   0x00000012   Code   RO         4975    i.TIM_ITConfig      stm32f4xx_tim.o
    0x080031ac   0x0000007c   Code   RO         4979    i.TIM_OC1Init       stm32f4xx_tim.o
    0x08003228   0x00000012   Code   RO         4982    i.TIM_OC1PreloadConfig  stm32f4xx_tim.o
    0x0800323a   0x00000002   PAD
    0x0800323c   0x000000a4   Code   RO         4984    i.TIM_OC2Init       stm32f4xx_tim.o
    0x080032e0   0x0000001a   Code   RO         4987    i.TIM_OC2PreloadConfig  stm32f4xx_tim.o
    0x080032fa   0x00000002   PAD
    0x080032fc   0x000000a0   Code   RO         4989    i.TIM_OC3Init       stm32f4xx_tim.o
    0x0800339c   0x00000012   Code   RO         4992    i.TIM_OC3PreloadConfig  stm32f4xx_tim.o
    0x080033ae   0x00000002   PAD
    0x080033b0   0x00000078   Code   RO         4994    i.TIM_OC4Init       stm32f4xx_tim.o
    0x08003428   0x0000001a   Code   RO         4996    i.TIM_OC4PreloadConfig  stm32f4xx_tim.o
    0x08003442   0x00000004   Code   RO         5012    i.TIM_SetCompare1   stm32f4xx_tim.o
    0x08003446   0x00000004   Code   RO         5013    i.TIM_SetCompare2   stm32f4xx_tim.o
    0x0800344a   0x00000004   Code   RO         5014    i.TIM_SetCompare3   stm32f4xx_tim.o
    0x0800344e   0x00000002   PAD
    0x08003450   0x00000084   Code   RO         5022    i.TIM_TimeBaseInit  stm32f4xx_tim.o
    0x080034d4   0x00000088   Code   RO          174    i.USART1_IRQHandler  usart.o
    0x0800355c   0x00000088   Code   RO          175    i.USART2_IRQHandler  usart.o
    0x080035e4   0x00000018   Code   RO         5500    i.USART_Cmd         stm32f4xx_usart.o
    0x080035fc   0x00000054   Code   RO         5504    i.USART_GetITStatus  stm32f4xx_usart.o
    0x08003650   0x0000004a   Code   RO         5506    i.USART_ITConfig    stm32f4xx_usart.o
    0x0800369a   0x00000002   PAD
    0x0800369c   0x000000d4   Code   RO         5507    i.USART_Init        stm32f4xx_usart.o
    0x08003770   0x0000000a   Code   RO         5514    i.USART_ReceiveData  stm32f4xx_usart.o
    0x0800377a   0x0000007c   Code   RO         5990    i.UdqToUab          foc.o
    0x080037f6   0x00000004   Code   RO          350    i.UsageFault_Handler  stm32f4xx_it.o
    0x080037fa   0x00000030   Code   RO         6413    i.__ARM_fpclassify  m_wm.l(fpclassify.o)
    0x0800382a   0x00000002   PAD
    0x0800382c   0x00000104   Code   RO         6215    i.__hardfp_fmod     m_wm.l(fmod.o)
    0x08003930   0x00000020   Code   RO         6326    i.__mathlib_dbl_invalid  m_wm.l(dunder.o)
    0x08003950   0x0000000e   Code   RO         6171    i._is_digit         c_w.l(__printf_wp.o)
    0x0800395e   0x00000004   Code   RO          176    i._sys_exit         usart.o
    0x08003962   0x00000042   Code   RO         5917    i.arm_pid_f32       acr.o
    0x080039a4   0x0000003c   Code   RO          829    i.convertRawAngleToDegrees  as5600.o
    0x080039e0   0x0000001c   Code   RO          177    i.fputc             usart.o
    0x080039fc   0x0000000e   Code   RO          838    i.getRawAngle       as5600.o
    0x08003a0a   0x00000002   PAD
    0x08003a0c   0x00000074   Code   RO          532    i.initAdcDMA        drv_adc.o
    0x08003a80   0x0000006c   Code   RO          247    i.main              main.o
    0x08003aec   0x0000002a   Code   RO          844    i.readTwoBytes      as5600.o
    0x08003b16   0x00000002   PAD
    0x08003b18   0x00000160   Code   RO         5871    i.svpwm_calc        svpwm.o
    0x08003c78   0x0000009a   Code   RO         5873    i.svpwm_get_regs_mod  svpwm.o
    0x08003d12   0x000000ac   Code   RO         5874    i.svpwm_overflow_check  svpwm.o
    0x08003dbe   0x00000002   PAD
    0x08003dc0   0x00000010   Code   RO          663    i.sys_time          drv_time.o
    0x08003dd0   0x000000ac   Code   RO          180    i.uart_init         usart.o
    0x08003e7c   0x0000002c   Code   RO         6409    locale$$code        c_w.l(lc_numeric_c.o)
    0x08003ea8   0x00000062   Code   RO         6189    x$fpl$d2f           fz_wm.l(d2f.o)
    0x08003f0a   0x00000002   PAD
    0x08003f0c   0x00000150   Code   RO         6191    x$fpl$dadd          fz_wm.l(daddsub_clz.o)
    0x0800405c   0x000002b0   Code   RO         6198    x$fpl$ddiv          fz_wm.l(ddiv.o)
    0x0800430c   0x0000002e   Code   RO         6202    x$fpl$dflt          fz_wm.l(dflt_clz.o)
    0x0800433a   0x00000002   PAD
    0x0800433c   0x00000154   Code   RO         6209    x$fpl$dmul          fz_wm.l(dmul.o)
    0x08004490   0x0000009c   Code   RO         6306    x$fpl$dnaninf       fz_wm.l(dnaninf.o)
    0x0800452c   0x00000150   Code   RO         6308    x$fpl$drem          fz_wm.l(drem_clz.o)
    0x0800467c   0x0000000c   Code   RO         6310    x$fpl$dretinf       fz_wm.l(dretinf.o)
    0x08004688   0x00000016   Code   RO         6192    x$fpl$drsb          fz_wm.l(daddsub_clz.o)
    0x0800469e   0x00000002   PAD
    0x080046a0   0x000001d4   Code   RO         6193    x$fpl$dsub          fz_wm.l(daddsub_clz.o)
    0x08004874   0x00000056   Code   RO         6211    x$fpl$f2d           fz_wm.l(f2d.o)
    0x080048ca   0x0000008c   Code   RO         6312    x$fpl$fnaninf       fz_wm.l(fnaninf.o)
    0x08004956   0x0000000a   Code   RO         6484    x$fpl$fpinit        fz_wm.l(fpinit.o)
    0x08004960   0x0000000a   Code   RO         6314    x$fpl$fretinf       fz_wm.l(fretinf.o)
    0x0800496a   0x00000004   Code   RO         6213    x$fpl$printf1       fz_wm.l(printf1.o)
    0x0800496e   0x00000000   Code   RO         6322    x$fpl$usenofp       fz_wm.l(usenofp.o)
    0x0800496e   0x00000002   PAD
    0x08004970   0x00000410   Data   RO         6043    .constdata          arm_cortexM4lf_math.lib(arm_cos_f32.o)
    0x08004d80   0x0000040c   Data   RO         6090    .constdata          arm_cortexM4lf_math.lib(arm_sin_f32.o)
    0x0800518c   0x00000011   Data   RO         6179    .constdata          c_w.l(__printf_flags_ss_wp.o)
    0x0800519d   0x00000003   PAD
    0x080051a0   0x00000094   Data   RO         6378    .constdata          c_w.l(bigflt0.o)
    0x08005234   0x00000020   Data   RO         6554    Region$$Table       anon$$obj.o
    0x08005254   0x0000001c   Data   RO         6408    locale$$data        c_w.l(lc_numeric_c.o)


    Execution Region RW_IRAM1 (Base: 0x20000000, Size: 0x00000a98, Max: 0x00020000, ABSOLUTE)

    Base Addr    Size         Type   Attr      Idx    E Section Name        Object

    0x20000000   0x00000006   Data   RW          182    .data               usart.o
    0x20000006   0x00000001   Data   RW          469    .data               timer.o
    0x20000007   0x00000001   PAD
    0x20000008   0x0000000e   Data   RW          533    .data               drv_adc.o
    0x20000016   0x00000002   PAD
    0x20000018   0x00000008   Data   RW          664    .data               drv_time.o
    0x20000020   0x0000000c   Data   RW          754    .data               drv_i2c.o
    0x2000002c   0x00000001   Data   RW          991    .data               key.o
    0x2000002d   0x00000010   Data   RW         3656    .data               stm32f4xx_rcc.o
    0x2000003d   0x00000003   PAD
    0x20000040   0x00000058   Data   RW         5811    .data               scheduler.o
    0x20000098   0x00000258   Zero   RW          181    .bss                usart.o
    0x200002f0   0x0000003c   Zero   RW          753    .bss                drv_i2c.o
    0x2000032c   0x00000024   Zero   RW         5810    .bss                scheduler.o
    0x20000350   0x00000048   Zero   RW         5918    .bss                acr.o
    0x20000398   0x00000024   Zero   RW         5955    .bss                asr.o
    0x200003bc   0x00000078   Zero   RW         5991    .bss                foc.o
    0x20000434   0x00000060   Zero   RW         6416    .bss                c_w.l(libspace.o)
    0x20000494   0x00000004   PAD
    0x20000498   0x00000200   Zero   RW         5745    HEAP                startup_stm32f40_41xxx.o
    0x20000698   0x00000400   Zero   RW         5744    STACK               startup_stm32f40_41xxx.o


==============================================================================

Image component sizes


      Code (inc. data)   RO Data    RW Data    ZI Data      Debug   Object Name

       282         26          0          0         72      14288   acr.o
       164         14          0          0          0       2416   as5600.o
       164         24          0          0         36      13804   asr.o
         0          0          0          0          0        688   datascope_dp.o
       772         76          0         14          0       3351   drv_adc.o
      1320        128          0         12         60       5172   drv_i2c.o
       272         32          0          8          0      31151   drv_time.o
       760         74          0          0        120      16804   foc.o
        60          4          0          0          0        514   ios.o
       132         16          0          1          0       1114   key.o
        64          4          0          0          0        527   led.o
       108         26          0          0          0      13339   main.o
       180         24          0          0          0       2033   misc.o
       334         30          0         88         36       4897   scheduler.o
        64         26        392          0       1536        836   startup_stm32f40_41xxx.o
       446         24          0          0          0       6551   stm32f4xx_adc.o
       652         54          0          0          0       5592   stm32f4xx_dma.o
       240          0          0          0          0       3439   stm32f4xx_gpio.o
       504         14          0          0          0       7650   stm32f4xx_i2c.o
        24          0          0          0          0       3544   stm32f4xx_it.o
       392         48          0         16          0       5721   stm32f4xx_rcc.o
       936         66          0          0          0      11612   stm32f4xx_tim.o
       404          8          0          0          0       4154   stm32f4xx_usart.o
       678         10          0          0          0       3481   svpwm.o
         0          0          0          0          0     315932   sys.o
       340         32          0          0          0       1449   system_stm32f4xx.o
       532         28          0          1          0       2250   timer.o
       476         42          0          6        600       5486   usart.o

    ----------------------------------------------------------------------
     10336        830        424        152       2460     487795   Object Totals
         0          0         32          0          0          0   (incl. Generated)
        36          0          0          6          0          0   (incl. Padding)

    ----------------------------------------------------------------------

      Code (inc. data)   RO Data    RW Data    ZI Data      Debug   Library Member Name

       216         22       1040          0          0      16570   arm_cos_f32.o
        56          0          0          0          0        527   arm_pid_init_f32.o
        10          0          0          0          0        476   arm_pid_reset_f32.o
       216         22       1036          0          0       1382   arm_sin_f32.o
        24          4          0          0          0         84   __2printf.o
         8          0          0          0          0         68   __main.o
       392          4         17          0          0         92   __printf_flags_ss_wp.o
        14          0          0          0          0         68   __printf_wp.o
         0          0          0          0          0          0   __rtentry.o
        12          0          0          0          0          0   __rtentry2.o
         6          0          0          0          0          0   __rtentry4.o
        52          8          0          0          0          0   __scatter.o
        26          0          0          0          0          0   __scatter_copy.o
        28          0          0          0          0          0   __scatter_zi.o
        48          6          0          0          0         96   _printf_char_common.o
        36          4          0          0          0         80   _printf_char_file.o
         6          0          0          0          0          0   _printf_f.o
      1050          0          0          0          0        216   _printf_fp_dec.o
       128         16          0          0          0         84   _printf_fp_infnan.o
         0          0          0          0          0          0   _printf_percent.o
         4          0          0          0          0          0   _printf_percent_end.o
        22          0          0          0          0        100   _rserrno.o
       220          4        148          0          0         96   bigflt0.o
      1910        128          0          0          0        672   btod.o
        12          0          0          0          0         72   exit.o
         8          0          0          0          0         68   ferror.o
         6          0          0          0          0        152   heapauxi.o
        44         10         28          0          0         76   lc_numeric_c.o
         2          0          0          0          0          0   libinit.o
        22          0          0          0          0          0   libinit2.o
         2          0          0          0          0          0   libshutdown.o
         2          0          0          0          0          0   libshutdown2.o
         8          4          0          0         96         68   libspace.o
       138          0          0          0          0         80   lludiv10.o
         8          4          0          0          0         68   rt_errno_addr_intlibspace.o
         8          4          0          0          0         68   rt_locale_intlibspace.o
         2          0          0          0          0          0   rtexit.o
        10          0          0          0          0          0   rtexit2.o
       128          0          0          0          0         68   strcmpv7m.o
        74          0          0          0          0         80   sys_stackheap_outer.o
         2          0          0          0          0         68   use_no_semi.o
         2          0          0          0          0         68   use_no_semi_2.o
        98          4          0          0          0        140   d2f.o
       826         16          0          0          0        492   daddsub_clz.o
       688        140          0          0          0        256   ddiv.o
        46          0          0          0          0        116   dflt_clz.o
       340         12          0          0          0        152   dmul.o
       156          4          0          0          0        140   dnaninf.o
       336         12          0          0          0        136   drem_clz.o
        12          0          0          0          0        116   dretinf.o
        86          4          0          0          0        132   f2d.o
       140          4          0          0          0        132   fnaninf.o
        10          0          0          0          0        116   fpinit.o
        10          0          0          0          0        116   fretinf.o
         4          0          0          0          0        116   printf1.o
         0          0          0          0          0          0   usenofp.o
        32          8          0          0          0        124   dunder.o
       260          6          0          0          0        144   fmod.o
        48          0          0          0          0        124   fpclassify.o

    ----------------------------------------------------------------------
      8072        450       2272          0        100      24099   Library Totals
        18          0          3          0          4          0   (incl. Padding)

    ----------------------------------------------------------------------

      Code (inc. data)   RO Data    RW Data    ZI Data      Debug   Library Name

       498         44       2076          0          0      18955   arm_cortexM4lf_math.lib
      4464        196        193          0         96       2592   c_w.l
      2752        196          0          0          0       2160   fz_wm.l
       340         14          0          0          0        392   m_wm.l

    ----------------------------------------------------------------------
      8072        450       2272          0        100      24099   Library Totals

    ----------------------------------------------------------------------

==============================================================================


      Code (inc. data)   RO Data    RW Data    ZI Data      Debug   

     18408       1280       2696        152       2560     496690   Grand Totals
     18408       1280       2696        152       2560     496690   ELF Image Totals
     18408       1280       2696        152          0          0   ROM Totals

==============================================================================

    Total RO  Size (Code + RO Data)                21104 (  20.61kB)
    Total RW  Size (RW Data + ZI Data)              2712 (   2.65kB)
    Total ROM Size (Code + RO Data + RW Data)      21256 (  20.76kB)

==============================================================================

