<html>
<body>
<pre>
<h1>µVision Build Log</h1>
<h2>Tool Versions:</h2>
IDE-Version: µVision V5.21.0.0
Copyright (C) 2016 ARM Ltd and ARM Germany GmbH. All rights reserved.
License Information: Liang don, ibm, LIC=ATTEV-PYX8B-CJ06Z-JABDK-RR779-SQXG9
 
Tool Versions:
Toolchain:       MDK-ARM Plus  Version: 5.21
Toolchain Path:  F:\Keil5.21\Keil_v5\ARM\ARMCC\Bin
C Compiler:      Armcc.exe V5.06 update 3 (build 300)
Assembler:       Armasm.exe V5.06 update 3 (build 300)
Linker/Locator:  ArmLink.exe V5.06 update 3 (build 300)
Library Manager: ArmAr.exe V5.06 update 3 (build 300)
Hex Converter:   FromElf.exe V5.06 update 3 (build 300)
CPU DLL:         SARMCM3.DLL V5.21
Dialog DLL:      DCM.DLL V1.13.8.0
Target DLL:      CMSIS_AGDI.dll V1.26.5.0
Dialog DLL:      TCM.DLL V1.14.14.0
 
<h2>Project:</h2>
D:\SomeFunnyThing\FOC Drive\Code\Foc Drive\USER\Template.uvprojx
Project File Date:  05/28/2022

<h2>Output:</h2>
*** Using Compiler 'V5.06 update 3 (build 300)', folder: 'F:\Keil5.21\Keil_v5\ARM\ARMCC\Bin'
Build target 'Target 1'
compiling SVPWM.c...
..\DSP_LIB\Include\core_cm4.h(112): warning:  #1215-D: #warning directive: "Compiler generates FPU instructions for a device without an FPU (check __FPU_PRESENT)"
        #warning "Compiler generates FPU instructions for a device without an FPU (check __FPU_PRESENT)"
..\APP\SVPWM.c: 1 warning, 0 errors
compiling Scheduler.c...
linking...
Program Size: Code=6746 RO-data=442 RW-data=128 ZI-data=2328  
FromELF: creating hex file...
"..\OBJ\Template.axf" - 0 Error(s), 1 Warning(s).

<h2>Collection of Component include folders:</h2>
  D:\SomeFunnyThing\FOC Drive\Code\Foc Drive\USER\RTE
  F:\Keil5.21\Keil_v5\ARM\PACK\Keil\STM32F4xx_DFP\2.13.0\Drivers\CMSIS\Device\ST\STM32F4xx\Include

<h2>Collection of Component Files used:</h2>
Build Time Elapsed:  00:00:02
</pre>
</body>
</html>
