<html>
<body>
<pre>
<h1>µVision Build Log</h1>
<h2>Tool Versions:</h2>
IDE-Version: µVision V5.21.0.0
Copyright (C) 2016 ARM Ltd and ARM Germany GmbH. All rights reserved.
License Information: Liang don, ibm, LIC=ATTEV-PYX8B-CJ06Z-JABDK-RR779-SQXG9
 
Tool Versions:
Toolchain:       MDK-ARM Plus  Version: 5.21
Toolchain Path:  F:\Keil5.21\Keil_v5\ARM\ARMCC\Bin
C Compiler:      Armcc.exe V5.06 update 3 (build 300)
Assembler:       Armasm.exe V5.06 update 3 (build 300)
Linker/Locator:  ArmLink.exe V5.06 update 3 (build 300)
Library Manager: ArmAr.exe V5.06 update 3 (build 300)
Hex Converter:   FromElf.exe V5.06 update 3 (build 300)
CPU DLL:         SARMCM3.DLL V5.21
Dialog DLL:      DCM.DLL V1.13.8.0
Target DLL:      CMSIS_AGDI.dll V1.26.5.0
Dialog DLL:      TCM.DLL V1.14.14.0
 
<h2>Project:</h2>
D:\SomeFunnyThing\FOC Drive\Code\Foc Drive\USER\Template.uvprojx
Project File Date:  06/05/2022

<h2>Output:</h2>
*** Using Compiler 'V5.06 update 3 (build 300)', folder: 'F:\Keil5.21\Keil_v5\ARM\ARMCC\Bin'
Build target 'Target 1'
compiling timer.c...
compiling SVPWM.c...
..\APP\SVPWM.c(1): warning:  #14-D: extra text after expected end of preprocessing directive
  #include "svpwm.h"																																																																																																																																																																																																																																																																																																																																																																																																																																																																																																																	clu
..\APP\svpwm.h(81): warning:  #1-D: last line of file ends without a newline
  #endif
..\APP\SVPWM.c(9): warning:  #1035-D: single-precision operand implicitly converted to double-precision
  	
VGENDQ_MACRO((*p));
..\APP\SVPWM.c(46): warning:  #1035-D: single-precision operand implicitly converted to double-precision
  	p->tmp2= p->Ubeta / 2 + 0.866*p->Ualpha;					
..\APP\SVPWM.c: 4 warnings, 0 errors
compiling Scheduler.c...
..\APP\foc.h(7): warning:  #1295-D: Deprecated declaration Run_OpenLoop - give arg types
  void Run_OpenLoop();
..\APP\foc.h(11): warning:  #1-D: last line of file ends without a newline
  #endif
..\APP\Scheduler.c: 2 warnings, 0 errors
compiling Foc.c...
..\APP\Foc.h(7): warning:  #1295-D: Deprecated declaration Run_OpenLoop - give arg types
  void Run_OpenLoop();
..\APP\Foc.h(11): warning:  #1-D: last line of file ends without a newline
  #endif
..\APP\svpwm.h(81): warning:  #1-D: last line of file ends without a newline
  #endif
..\APP\Foc.c(33): warning:  #1035-D: single-precision operand implicitly converted to double-precision
  	theta += 0.1;
..\APP\Foc.c: 4 warnings, 0 errors
linking...
Program Size: Code=9592 RO-data=2520 RW-data=132 ZI-data=2380  
FromELF: creating hex file...
"..\OBJ\Template.axf" - 0 Error(s), 10 Warning(s).

<h2>Collection of Component include folders:</h2>
  D:\SomeFunnyThing\FOC Drive\Code\Foc Drive\USER\RTE
  F:\Keil5.21\Keil_v5\ARM\PACK\Keil\STM32F4xx_DFP\2.13.0\Drivers\CMSIS\Device\ST\STM32F4xx\Include

<h2>Collection of Component Files used:</h2>
Build Time Elapsed:  00:00:03
</pre>
</body>
</html>
